Component: ARM Compiler 5.06 update 7 (build 960) Tool: armlink [4d3601]

==============================================================================

Section Cross References

    startup_stm32f103xb.o(STACK) refers (Special) to heapauxi.o(.text) for __use_two_region_memory
    startup_stm32f103xb.o(HEAP) refers (Special) to heapauxi.o(.text) for __use_two_region_memory
    startup_stm32f103xb.o(RESET) refers (Special) to heapauxi.o(.text) for __use_two_region_memory
    startup_stm32f103xb.o(RESET) refers to startup_stm32f103xb.o(STACK) for __initial_sp
    startup_stm32f103xb.o(RESET) refers to startup_stm32f103xb.o(.text) for Reset_Handler
    startup_stm32f103xb.o(RESET) refers to stm32f1xx_it.o(i.NMI_Handler) for NMI_Handler
    startup_stm32f103xb.o(RESET) refers to stm32f1xx_it.o(i.HardFault_Handler) for HardFault_Handler
    startup_stm32f103xb.o(RESET) refers to stm32f1xx_it.o(i.MemManage_Handler) for MemManage_Handler
    startup_stm32f103xb.o(RESET) refers to stm32f1xx_it.o(i.BusFault_Handler) for BusFault_Handler
    startup_stm32f103xb.o(RESET) refers to stm32f1xx_it.o(i.UsageFault_Handler) for UsageFault_Handler
    startup_stm32f103xb.o(RESET) refers to stm32f1xx_it.o(i.SVC_Handler) for SVC_Handler
    startup_stm32f103xb.o(RESET) refers to stm32f1xx_it.o(i.DebugMon_Handler) for DebugMon_Handler
    startup_stm32f103xb.o(RESET) refers to stm32f1xx_it.o(i.PendSV_Handler) for PendSV_Handler
    startup_stm32f103xb.o(RESET) refers to stm32f1xx_it.o(i.SysTick_Handler) for SysTick_Handler
    startup_stm32f103xb.o(RESET) refers to stm32f1xx_it.o(i.DMA1_Channel1_IRQHandler) for DMA1_Channel1_IRQHandler
    startup_stm32f103xb.o(RESET) refers to stm32f1xx_it.o(i.DMA1_Channel3_IRQHandler) for DMA1_Channel3_IRQHandler
    startup_stm32f103xb.o(RESET) refers to stm32f1xx_it.o(i.ADC1_2_IRQHandler) for ADC1_2_IRQHandler
    startup_stm32f103xb.o(RESET) refers to stm32f1xx_it.o(i.USB_LP_CAN1_RX0_IRQHandler) for USB_LP_CAN1_RX0_IRQHandler
    startup_stm32f103xb.o(RESET) refers to stm32f1xx_it.o(i.CAN1_RX1_IRQHandler) for CAN1_RX1_IRQHandler
    startup_stm32f103xb.o(.text) refers (Special) to heapauxi.o(.text) for __use_two_region_memory
    startup_stm32f103xb.o(.text) refers to system_stm32f1xx.o(i.SystemInit) for SystemInit
    startup_stm32f103xb.o(.text) refers to __main.o(!!!main) for __main
    startup_stm32f103xb.o(.text) refers to startup_stm32f103xb.o(HEAP) for Heap_Mem
    startup_stm32f103xb.o(.text) refers to startup_stm32f103xb.o(STACK) for Stack_Mem
    main.o(i.HAL_SPI_TxCpltCallback) refers to ws2812.o(i.ws2812_spi_tx_cplt_isr) for ws2812_spi_tx_cplt_isr
    main.o(i.HAL_SPI_TxCpltCallback) refers to main.o(.bss) for ws2812_dev
    main.o(i.SystemClock_Config) refers to rt_memclr_w.o(.text) for __aeabi_memclr4
    main.o(i.SystemClock_Config) refers to stm32f1xx_hal_rcc.o(i.HAL_RCC_OscConfig) for HAL_RCC_OscConfig
    main.o(i.SystemClock_Config) refers to main.o(i.Error_Handler) for Error_Handler
    main.o(i.SystemClock_Config) refers to stm32f1xx_hal_rcc.o(i.HAL_RCC_ClockConfig) for HAL_RCC_ClockConfig
    main.o(i.SystemClock_Config) refers to stm32f1xx_hal_rcc_ex.o(i.HAL_RCCEx_PeriphCLKConfig) for HAL_RCCEx_PeriphCLKConfig
    main.o(i.main) refers to stm32f1xx_hal.o(i.HAL_Init) for HAL_Init
    main.o(i.main) refers to main.o(i.SystemClock_Config) for SystemClock_Config
    main.o(i.main) refers to gpio.o(i.MX_GPIO_Init) for MX_GPIO_Init
    main.o(i.main) refers to dma.o(i.MX_DMA_Init) for MX_DMA_Init
    main.o(i.main) refers to adc.o(i.MX_ADC1_Init) for MX_ADC1_Init
    main.o(i.main) refers to can.o(i.MX_CAN_Init) for MX_CAN_Init
    main.o(i.main) refers to spi.o(i.MX_SPI1_Init) for MX_SPI1_Init
    main.o(i.main) refers to ws2812.o(i.ws2812_init) for ws2812_init
    main.o(i.main) refers to stm32f1xx_hal_adc_ex.o(i.HAL_ADCEx_Calibration_Start) for HAL_ADCEx_Calibration_Start
    main.o(i.main) refers to stm32f1xx_hal_adc.o(i.HAL_ADC_Start_DMA) for HAL_ADC_Start_DMA
    main.o(i.main) refers to adc_detect.o(i.adc_detect_init) for adc_detect_init
    main.o(i.main) refers to can_receive.o(i.CAN_Init) for CAN_Init
    main.o(i.main) refers to stm32f1xx_hal_can.o(i.HAL_CAN_Start) for HAL_CAN_Start
    main.o(i.main) refers to main.o(i.Error_Handler) for Error_Handler
    main.o(i.main) refers to stm32f1xx_hal_can.o(i.HAL_CAN_ActivateNotification) for HAL_CAN_ActivateNotification
    main.o(i.main) refers to can_receive.o(i.CAN_Task_Poll) for CAN_Task_Poll
    main.o(i.main) refers to fflt_clz.o(x$fpl$ffltu) for __aeabi_ui2f
    main.o(i.main) refers to can_receive.o(i.armor_set_color) for armor_set_color
    main.o(i.main) refers to adc_detect.o(i.adc_detect_get_vdiff) for adc_detect_get_vdiff
    main.o(i.main) refers to fmul.o(x$fpl$fmul) for __aeabi_fmul
    main.o(i.main) refers to fdiv.o(x$fpl$fdiv) for __aeabi_fdiv
    main.o(i.main) refers to adc_detect.o(i.adc_detect_process) for adc_detect_process
[...]
    !!!main                                  0x080000ec   Section        8  __main.o(!!!main)
    !!!scatter                               0x080000f4   Section       52  __scatter.o(!!!scatter)
    !!handler_copy                           0x08000128   Section       26  __scatter_copy.o(!!handler_copy)
    !!handler_zi                             0x08000144   Section       28  __scatter_zi.o(!!handler_zi)
    .ARM.Collect$$libinit$$00000000          0x08000160   Section        2  libinit.o(.ARM.Collect$$libinit$$00000000)
    .ARM.Collect$$libinit$$00000002          0x08000162   Section        0  libinit2.o(.ARM.Collect$$libinit$$00000002)
    .ARM.Collect$$libinit$$00000004          0x08000162   Section        0  libinit2.o(.ARM.Collect$$libinit$$00000004)
    .ARM.Collect$$libinit$$0000000A          0x08000162   Section        0  libinit2.o(.ARM.Collect$$libinit$$0000000A)
    .ARM.Collect$$libinit$$0000000C          0x08000162   Section        0  libinit2.o(.ARM.Collect$$libinit$$0000000C)
    .ARM.Collect$$libinit$$0000000E          0x08000162   Section        0  libinit2.o(.ARM.Collect$$libinit$$0000000E)
    .ARM.Collect$$libinit$$00000011          0x08000162   Section        0  libinit2.o(.ARM.Collect$$libinit$$00000011)
    .ARM.Collect$$libinit$$00000013          0x08000162   Section        0  libinit2.o(.ARM.Collect$$libinit$$00000013)
    .ARM.Collect$$libinit$$00000015          0x08000162   Section        0  libinit2.o(.ARM.Collect$$libinit$$00000015)
    .ARM.Collect$$libinit$$00000017          0x08000162   Section        0  libinit2.o(.ARM.Collect$$libinit$$00000017)
    .ARM.Collect$$libinit$$00000019          0x08000162   Section        0  libinit2.o(.ARM.Collect$$libinit$$00000019)
    .ARM.Collect$$libinit$$0000001B          0x08000162   Section        0  libinit2.o(.ARM.Collect$$libinit$$0000001B)
    .ARM.Collect$$libinit$$0000001D          0x08000162   Section        0  libinit2.o(.ARM.Collect$$libinit$$0000001D)
    .ARM.Collect$$libinit$$0000001F          0x08000162   Section        0  libinit2.o(.ARM.Collect$$libinit$$0000001F)
    .ARM.Collect$$libinit$$00000021          0x08000162   Section        0  libinit2.o(.ARM.Collect$$libinit$$00000021)
    .ARM.Collect$$libinit$$00000023          0x08000162   Section        0  libinit2.o(.ARM.Collect$$libinit$$00000023)
    .ARM.Collect$$libinit$$00000025          0x08000162   Section        0  libinit2.o(.ARM.Collect$$libinit$$00000025)
    .ARM.Collect$$libinit$$0000002C          0x08000162   Section        0  libinit2.o(.ARM.Collect$$libinit$$0000002C)
    .ARM.Collect$$libinit$$0000002E          0x08000162   Section        0  libinit2.o(.ARM.Collect$$libinit$$0000002E)
    .ARM.Collect$$libinit$$00000030          0x08000162   Section        0  libinit2.o(.ARM.Collect$$libinit$$00000030)
    .ARM.Collect$$libinit$$00000032          0x08000162   Section        0  libinit2.o(.ARM.Collect$$libinit$$00000032)
    .ARM.Collect$$libinit$$00000033          0x08000162   Section        2  libinit2.o(.ARM.Collect$$libinit$$00000033)
    .ARM.Collect$$libshutdown$$00000000      0x08000164   Section        2  libshutdown.o(.ARM.Collect$$libshutdown$$00000000)
    .ARM.Collect$$libshutdown$$00000002      0x08000166   Section        0  libshutdown2.o(.ARM.Collect$$libshutdown$$00000002)
    .ARM.Collect$$libshutdown$$00000004      0x08000166   Section        0  libshutdown2.o(.ARM.Collect$$libshutdown$$00000004)
    .ARM.Collect$$libshutdown$$00000006      0x08000166   Section        0  libshutdown2.o(.ARM.Collect$$libshutdown$$00000006)
    .ARM.Collect$$libshutdown$$00000009      0x08000166   Section        0  libshutdown2.o(.ARM.Collect$$libshutdown$$00000009)
    .ARM.Collect$$libshutdown$$0000000C      0x08000166   Section        0  libshutdown2.o(.ARM.Collect$$libshutdown$$0000000C)
    .ARM.Collect$$libshutdown$$0000000E      0x08000166   Section        0  libshutdown2.o(.ARM.Collect$$libshutdown$$0000000E)
    .ARM.Collect$$libshutdown$$00000011      0x08000166   Section        0  libshutdown2.o(.ARM.Collect$$libshutdown$$00000011)
    .ARM.Collect$$libshutdown$$00000012      0x08000166   Section        2  libshutdown2.o(.ARM.Collect$$libshutdown$$00000012)
    .ARM.Collect$$rtentry$$00000000          0x08000168   Section        0  __rtentry.o(.ARM.Collect$$rtentry$$00000000)
    .ARM.Collect$$rtentry$$00000002          0x08000168   Section        0  __rtentry2.o(.ARM.Collect$$rtentry$$00000002)
    .ARM.Collect$$rtentry$$00000004          0x08000168   Section        6  __rtentry4.o(.ARM.Collect$$rtentry$$00000004)
    .ARM.Collect$$rtentry$$00000009          0x0800016e   Section        0  __rtentry2.o(.ARM.Collect$$rtentry$$00000009)
    .ARM.Collect$$rtentry$$0000000A          0x0800016e   Section        4  __rtentry2.o(.ARM.Collect$$rtentry$$0000000A)
    .ARM.Collect$$rtentry$$0000000C          0x08000172   Section        0  __rtentry2.o(.ARM.Collect$$rtentry$$0000000C)
    .ARM.Collect$$rtentry$$0000000D          0x08000172   Section        8  __rtentry2.o(.ARM.Collect$$rtentry$$0000000D)
    .ARM.Collect$$rtexit$$00000000           0x0800017a   Section        2  rtexit.o(.ARM.Collect$$rtexit$$00000000)
    .ARM.Collect$$rtexit$$00000002           0x0800017c   Section        0  rtexit2.o(.ARM.Collect$$rtexit$$00000002)
    .ARM.Collect$$rtexit$$00000003           0x0800017c   Section        4  rtexit2.o(.ARM.Collect$$rtexit$$00000003)
    .ARM.Collect$$rtexit$$00000004           0x08000180   Section        6  rtexit2.o(.ARM.Collect$$rtexit$$00000004)
    .text                                    0x08000188   Section       64  startup_stm32f103xb.o(.text)
    .text                                    0x080001c8   Section       68  rt_memclr.o(.text)
    .text                                    0x0800020c   Section       78  rt_memclr_w.o(.text)
    .text                                    0x0800025a   Section        0  heapauxi.o(.text)
    .text                                    0x08000260   Section       74  sys_stackheap_outer.o(.text)
    .text                                    0x080002aa   Section        0  exit.o(.text)
    .text                                    0x080002bc   Section        8  libspace.o(.text)
    .text                                    0x080002c4   Section        0  sys_exit.o(.text)
    .text                                    0x080002d0   Section        2  use_no_semi.o(.text)
    .text                                    0x080002d2   Section        0  indicate_semi.o(.text)
    i.ADC1_2_IRQHandler                      0x080002d4   Section        0  stm32f1xx_it.o(i.ADC1_2_IRQHandler)
    i.ADC_ConversionStop_Disable             0x080002e4   Section        0  stm32f1xx_hal_adc.o(i.ADC_ConversionStop_Disable)
    i.ADC_DMAConvCplt                        0x08000340   Section        0  stm32f1xx_hal_adc.o(i.ADC_DMAConvCplt)
    i.ADC_DMAError                           0x08000392   Section        0  stm32f1xx_hal_adc.o(i.ADC_DMAError)
    i.ADC_DMAHalfConvCplt                    0x080003b0   Section        0  stm32f1xx_hal_adc.o(i.ADC_DMAHalfConvCplt)
    i.ADC_Enable                             0x080003c0   Section        0  stm32f1xx_hal_adc.o(i.ADC_Enable)
    i.BusFault_Handler                       0x08000450   Section        0  stm32f1xx_it.o(i.BusFault_Handler)
    i.CAN1_RX1_IRQHandler                    0x08000454   Section        0  stm32f1xx_it.o(i.CAN1_RX1_IRQHandler)
    i.CAN_Init                               0x08000464   Section        0  can_receive.o(i.CAN_Init)
    i.CAN_Receive_Color_Data_Handle          0x080004cc   Section        0  can_receive.o(i.CAN_Receive_Color_Data_Handle)
    i.CAN_Send_Projectile_Hit                0x08000514   Section        0  can_receive.o(i.CAN_Send_Projectile_Hit)
    i.CAN_Task_Poll                          0x08000540   Section        0  can_receive.o(i.CAN_Task_Poll)
    i.DMA1_Channel1_IRQHandler               0x08000558   Section        0  stm32f1xx_it.o(i.DMA1_Channel1_IRQHandler)
    i.DMA1_Channel3_IRQHandler               0x08000568   Section        0  stm32f1xx_it.o(i.DMA1_Channel3_IRQHandler)
    i.DMA_SetConfig                          0x08000578   Section        0  stm32f1xx_hal_dma.o(i.DMA_SetConfig)
    DMA_SetConfig                            0x08000579   Thumb Code    44  stm32f1xx_hal_dma.o(i.DMA_SetConfig)
    i.DebugMon_Handler                       0x080005a4   Section        0  stm32f1xx_it.o(i.DebugMon_Handler)
    i.Error_Handler                          0x080005a6   Section        0  main.o(i.Error_Handler)
    i.HAL_ADCEx_Calibration_Start            0x080005ac   Section        0  stm32f1xx_hal_adc_ex.o(i.HAL_ADCEx_Calibration_Start)
    i.HAL_ADCEx_InjectedConvCpltCallback     0x080006c8   Section        0  stm32f1xx_hal_adc_ex.o(i.HAL_ADCEx_InjectedConvCpltCallback)
    i.HAL_ADC_ConfigChannel                  0x080006cc   Section        0  stm32f1xx_hal_adc.o(i.HAL_ADC_ConfigChannel)
    i.HAL_ADC_ConvCpltCallback               0x0800082c   Section        0  stm32f1xx_hal_adc.o(i.HAL_ADC_ConvCpltCallback)
    i.HAL_ADC_ConvHalfCpltCallback           0x0800082e   Section        0  stm32f1xx_hal_adc.o(i.HAL_ADC_ConvHalfCpltCallback)
    i.HAL_ADC_ErrorCallback                  0x08000830   Section        0  stm32f1xx_hal_adc.o(i.HAL_ADC_ErrorCallback)
    i.HAL_ADC_IRQHandler                     0x08000832   Section        0  stm32f1xx_hal_adc.o(i.HAL_ADC_IRQHandler)
    i.HAL_ADC_Init                           0x08000944   Section        0  stm32f1xx_hal_adc.o(i.HAL_ADC_Init)
    i.HAL_ADC_LevelOutOfWindowCallback       0x08000a88   Section        0  stm32f1xx_hal_adc.o(i.HAL_ADC_LevelOutOfWindowCallback)
    i.HAL_ADC_MspInit                        0x08000a8c   Section        0  adc.o(i.HAL_ADC_MspInit)
    i.HAL_ADC_Start_DMA                      0x08000b98   Section        0  stm32f1xx_hal_adc.o(i.HAL_ADC_Start_DMA)
    i.HAL_CAN_ActivateNotification           0x08000d18   Section        0  stm32f1xx_hal_can.o(i.HAL_CAN_ActivateNotification)
    i.HAL_CAN_AddTxMessage                   0x08000d42   Section        0  stm32f1xx_hal_can.o(i.HAL_CAN_AddTxMessage)
    i.HAL_CAN_ConfigFilter                   0x08000e8c   Section        0  stm32f1xx_hal_can.o(i.HAL_CAN_ConfigFilter)
    i.HAL_CAN_ErrorCallback                  0x08000f96   Section        0  stm32f1xx_hal_can.o(i.HAL_CAN_ErrorCallback)
    i.HAL_CAN_GetRxMessage                   0x08000f98   Section        0  stm32f1xx_hal_can.o(i.HAL_CAN_GetRxMessage)
    i.HAL_CAN_IRQHandler                     0x0800112c   Section        0  stm32f1xx_hal_can.o(i.HAL_CAN_IRQHandler)
    i.HAL_CAN_Init                           0x0800137a   Section        0  stm32f1xx_hal_can.o(i.HAL_CAN_Init)
    i.HAL_CAN_MspInit                        0x080014f0   Section        0  can.o(i.HAL_CAN_MspInit)
    i.HAL_CAN_RxFifo0FullCallback            0x08001598   Section        0  stm32f1xx_hal_can.o(i.HAL_CAN_RxFifo0FullCallback)
    i.HAL_CAN_RxFifo0MsgPendingCallback      0x0800159c   Section        0  can_receive.o(i.HAL_CAN_RxFifo0MsgPendingCallback)
    i.HAL_CAN_RxFifo1FullCallback            0x080015dc   Section        0  stm32f1xx_hal_can.o(i.HAL_CAN_RxFifo1FullCallback)
    i.HAL_CAN_RxFifo1MsgPendingCallback      0x080015de   Section        0  stm32f1xx_hal_can.o(i.HAL_CAN_RxFifo1MsgPendingCallback)
    i.HAL_CAN_SleepCallback                  0x080015e0   Section        0  stm32f1xx_hal_can.o(i.HAL_CAN_SleepCallback)
    i.HAL_CAN_Start                          0x080015e2   Section        0  stm32f1xx_hal_can.o(i.HAL_CAN_Start)
    i.HAL_CAN_TxMailbox0AbortCallback        0x08001640   Section        0  stm32f1xx_hal_can.o(i.HAL_CAN_TxMailbox0AbortCallback)
    i.HAL_CAN_TxMailbox0CompleteCallback     0x08001642   Section        0  stm32f1xx_hal_can.o(i.HAL_CAN_TxMailbox0CompleteCallback)
    i.HAL_CAN_TxMailbox1AbortCallback        0x08001644   Section        0  stm32f1xx_hal_can.o(i.HAL_CAN_TxMailbox1AbortCallback)
    i.HAL_CAN_TxMailbox1CompleteCallback     0x08001646   Section        0  stm32f1xx_hal_can.o(i.HAL_CAN_TxMailbox1CompleteCallback)
    i.HAL_CAN_TxMailbox2AbortCallback        0x08001648   Section        0  stm32f1xx_hal_can.o(i.HAL_CAN_TxMailbox2AbortCallback)
    i.HAL_CAN_TxMailbox2CompleteCallback     0x0800164a   Section        0  stm32f1xx_hal_can.o(i.HAL_CAN_TxMailbox2CompleteCallback)
    i.HAL_CAN_WakeUpFromRxMsgCallback        0x0800164c   Section        0  stm32f1xx_hal_can.o(i.HAL_CAN_WakeUpFromRxMsgCallback)
    i.HAL_DMA_IRQHandler                     0x08001650   Section        0  stm32f1xx_hal_dma.o(i.HAL_DMA_IRQHandler)
    i.HAL_DMA_Init                           0x080017ec   Section        0  stm32f1xx_hal_dma.o(i.HAL_DMA_Init)
    i.HAL_DMA_Start_IT                       0x08001854   Section        0  stm32f1xx_hal_dma.o(i.HAL_DMA_Start_IT)
    i.HAL_Delay                              0x080018f0   Section        0  stm32f1xx_hal.o(i.HAL_Delay)
    i.HAL_GPIO_Init                          0x08001918   Section        0  stm32f1xx_hal_gpio.o(i.HAL_GPIO_Init)
    i.HAL_GetTick                            0x08001c38   Section        0  stm32f1xx_hal.o(i.HAL_GetTick)
    i.HAL_IncTick                            0x08001c44   Section        0  stm32f1xx_hal.o(i.HAL_IncTick)
    i.HAL_Init                               0x08001c5c   Section        0  stm32f1xx_hal.o(i.HAL_Init)
    i.HAL_InitTick                           0x08001c84   Section        0  stm32f1xx_hal.o(i.HAL_InitTick)
    i.HAL_MspInit                            0x08001cd0   Section        0  stm32f1xx_hal_msp.o(i.HAL_MspInit)
    i.HAL_NVIC_EnableIRQ                     0x08001d24   Section        0  stm32f1xx_hal_cortex.o(i.HAL_NVIC_EnableIRQ)
    i.HAL_NVIC_SetPriority                   0x08001d44   Section        0  stm32f1xx_hal_cortex.o(i.HAL_NVIC_SetPriority)
    i.HAL_NVIC_SetPriorityGrouping           0x08001dc0   Section        0  stm32f1xx_hal_cortex.o(i.HAL_NVIC_SetPriorityGrouping)
    i.HAL_RCCEx_GetPeriphCLKFreq             0x08001de8   Section        0  stm32f1xx_hal_rcc_ex.o(i.HAL_RCCEx_GetPeriphCLKFreq)
    i.HAL_RCCEx_PeriphCLKConfig              0x08001ee8   Section        0  stm32f1xx_hal_rcc_ex.o(i.HAL_RCCEx_PeriphCLKConfig)
    i.HAL_RCC_ClockConfig                    0x08002018   Section        0  stm32f1xx_hal_rcc.o(i.HAL_RCC_ClockConfig)
    i.HAL_RCC_GetHCLKFreq                    0x080021a4   Section        0  stm32f1xx_hal_rcc.o(i.HAL_RCC_GetHCLKFreq)
    i.HAL_RCC_GetPCLK2Freq                   0x080021b0   Section        0  stm32f1xx_hal_rcc.o(i.HAL_RCC_GetPCLK2Freq)
    i.HAL_RCC_GetSysClockFreq                0x080021d0   Section        0  stm32f1xx_hal_rcc.o(i.HAL_RCC_GetSysClockFreq)
    i.HAL_RCC_OscConfig                      0x08002244   Section        0  stm32f1xx_hal_rcc.o(i.HAL_RCC_OscConfig)
    i.HAL_SPI_ErrorCallback                  0x080026a8   Section        0  stm32f1xx_hal_spi.o(i.HAL_SPI_ErrorCallback)
    i.HAL_SPI_GetState                       0x080026aa   Section        0  stm32f1xx_hal_spi.o(i.HAL_SPI_GetState)
    i.HAL_SPI_Init                           0x080026b2   Section        0  stm32f1xx_hal_spi.o(i.HAL_SPI_Init)
    i.HAL_SPI_MspInit                        0x08002770   Section        0  spi.o(i.HAL_SPI_MspInit)
    i.HAL_SPI_Transmit                       0x08002848   Section        0  stm32f1xx_hal_spi.o(i.HAL_SPI_Transmit)
    i.HAL_SPI_Transmit_DMA                   0x08002a08   Section        0  stm32f1xx_hal_spi.o(i.HAL_SPI_Transmit_DMA)
    i.HAL_SPI_TxCpltCallback                 0x08002b04   Section        0  main.o(i.HAL_SPI_TxCpltCallback)
    i.HAL_SPI_TxHalfCpltCallback             0x08002b1c   Section        0  stm32f1xx_hal_spi.o(i.HAL_SPI_TxHalfCpltCallback)
    i.HAL_SYSTICK_Config                     0x08002b1e   Section        0  stm32f1xx_hal_cortex.o(i.HAL_SYSTICK_Config)
    i.HardFault_Handler                      0x08002b52   Section        0  stm32f1xx_it.o(i.HardFault_Handler)
    i.MX_ADC1_Init                           0x08002b58   Section        0  adc.o(i.MX_ADC1_Init)
    i.MX_CAN_Init                            0x08002bf8   Section        0  can.o(i.MX_CAN_Init)
    i.MX_DMA_Init                            0x08002c40   Section        0  dma.o(i.MX_DMA_Init)
    i.MX_GPIO_Init                           0x08002c84   Section        0  gpio.o(i.MX_GPIO_Init)
    i.MX_SPI1_Init                           0x08002cdc   Section        0  spi.o(i.MX_SPI1_Init)
    i.MemManage_Handler                      0x08002d20   Section        0  stm32f1xx_it.o(i.MemManage_Handler)
    i.NMI_Handler                            0x08002d24   Section        0  stm32f1xx_it.o(i.NMI_Handler)
    i.PendSV_Handler                         0x08002d28   Section        0  stm32f1xx_it.o(i.PendSV_Handler)
    i.ProjectileHit_Process                  0x08002d2a   Section        0  can_receive.o(i.ProjectileHit_Process)
    i.RCC_Delay                              0x08002d64   Section        0  stm32f1xx_hal_rcc.o(i.RCC_Delay)
    RCC_Delay                                0x08002d65   Thumb Code    36  stm32f1xx_hal_rcc.o(i.RCC_Delay)
    i.SPI_DMAError                           0x08002d8c   Section        0  stm32f1xx_hal_spi.o(i.SPI_DMAError)
    SPI_DMAError                             0x08002d8d   Thumb Code    40  stm32f1xx_hal_spi.o(i.SPI_DMAError)
    i.SPI_DMAHalfTransmitCplt                0x08002db4   Section        0  stm32f1xx_hal_spi.o(i.SPI_DMAHalfTransmitCplt)
    SPI_DMAHalfTransmitCplt                  0x08002db5   Thumb Code    14  stm32f1xx_hal_spi.o(i.SPI_DMAHalfTransmitCplt)
    i.SPI_DMATransmitCplt                    0x08002dc2   Section        0  stm32f1xx_hal_spi.o(i.SPI_DMATransmitCplt)
    SPI_DMATransmitCplt                      0x08002dc3   Thumb Code   126  stm32f1xx_hal_spi.o(i.SPI_DMATransmitCplt)
    i.SPI_EndRxTxTransaction                 0x08002e40   Section        0  stm32f1xx_hal_spi.o(i.SPI_EndRxTxTransaction)
    SPI_EndRxTxTransaction                   0x08002e41   Thumb Code    68  stm32f1xx_hal_spi.o(i.SPI_EndRxTxTransaction)
    i.SPI_WaitFlagStateUntilTimeout          0x08002e84   Section        0  stm32f1xx_hal_spi.o(i.SPI_WaitFlagStateUntilTimeout)
    SPI_WaitFlagStateUntilTimeout            0x08002e85   Thumb Code   210  stm32f1xx_hal_spi.o(i.SPI_WaitFlagStateUntilTimeout)
    i.SVC_Handler                            0x08002f5c   Section        0  stm32f1xx_it.o(i.SVC_Handler)
    i.Soft_Reset                             0x08002f60   Section        0  can_receive.o(i.Soft_Reset)
    i.SysTick_Handler                        0x08002fc8   Section        0  stm32f1xx_it.o(i.SysTick_Handler)
    i.SystemClock_Config                     0x08002fd0   Section        0  main.o(i.SystemClock_Config)
    i.SystemInit                             0x08003054   Section        0  system_stm32f1xx.o(i.SystemInit)
    i.USB_LP_CAN1_RX0_IRQHandler             0x08003058   Section        0  stm32f1xx_it.o(i.USB_LP_CAN1_RX0_IRQHandler)
    i.UsageFault_Handler                     0x08003068   Section        0  stm32f1xx_it.o(i.UsageFault_Handler)
    i.__NVIC_GetPriorityGrouping             0x0800306c   Section        0  stm32f1xx_hal_cortex.o(i.__NVIC_GetPriorityGrouping)
    __NVIC_GetPriorityGrouping               0x0800306d   Thumb Code    10  stm32f1xx_hal_cortex.o(i.__NVIC_GetPriorityGrouping)
    i.__NVIC_SetPriority                     0x0800307c   Section        0  stm32f1xx_hal_cortex.o(i.__NVIC_SetPriority)
    __NVIC_SetPriority                       0x0800307d   Thumb Code    32  stm32f1xx_hal_cortex.o(i.__NVIC_SetPriority)
    i.adc_detect_get_valid_ball              0x080030a4   Section        0  adc_detect.o(i.adc_detect_get_valid_ball)
    i.adc_detect_get_vdiff                   0x080030ac   Section        0  adc_detect.o(i.adc_detect_get_vdiff)
    i.adc_detect_init                        0x08003108   Section        0  adc_detect.o(i.adc_detect_init)
    i.adc_detect_process                     0x08003194   Section        0  adc_detect.o(i.adc_detect_process)
    i.adc_to_voltage                         0x0800337c   Section        0  adc_detect.o(i.adc_to_voltage)
    adc_to_voltage                           0x0800337d   Thumb Code    30  adc_detect.o(i.adc_to_voltage)
    i.armor_set_color                        0x080033a0   Section        0  can_receive.o(i.armor_set_color)
    i.baseline_follow_when_quiet             0x0800343c   Section        0  adc_detect.o(i.baseline_follow_when_quiet)
    baseline_follow_when_quiet               0x0800343d   Thumb Code   208  adc_detect.o(i.baseline_follow_when_quiet)
    i.capture_baseline                       0x08003528   Section        0  adc_detect.o(i.capture_baseline)
    capture_baseline                         0x08003529   Thumb Code   100  adc_detect.o(i.capture_baseline)
    i.hit_q_pop                              0x08003594   Section        0  adc_detect.o(i.hit_q_pop)
    hit_q_pop                                0x08003595   Thumb Code    48  adc_detect.o(i.hit_q_pop)
    i.hit_q_push                             0x080035d0   Section        0  adc_detect.o(i.hit_q_push)
    hit_q_push                               0x080035d1   Thumb Code    84  adc_detect.o(i.hit_q_push)
    i.is_large_by_v                          0x08003634   Section        0  adc_detect.o(i.is_large_by_v)
    is_large_by_v                            0x08003635   Thumb Code    52  adc_detect.o(i.is_large_by_v)
    i.is_small_by_v                          0x0800366c   Section        0  adc_detect.o(i.is_small_by_v)
    is_small_by_v                            0x0800366d   Thumb Code    52  adc_detect.o(i.is_small_by_v)
    i.main                                   0x080036a4   Section        0  main.o(i.main)
    i.ws2812_delay_us                        0x0800381c   Section        0  ws2812.o(i.ws2812_delay_us)
    ws2812_delay_us                          0x0800381d   Thumb Code    28  ws2812.o(i.ws2812_delay_us)
    i.ws2812_encode                          0x08003840   Section        0  ws2812.o(i.ws2812_encode)
    i.ws2812_fill                            0x080038d6   Section        0  ws2812.o(i.ws2812_fill)
    i.ws2812_hit_blink_blue_twice            0x0800390c   Section        0  adc_detect.o(i.ws2812_hit_blink_blue_twice)
    i.ws2812_hit_blink_task                  0x08003968   Section        0  adc_detect.o(i.ws2812_hit_blink_task)
    ws2812_hit_blink_task                    0x08003969   Thumb Code   160  adc_detect.o(i.ws2812_hit_blink_task)
    i.ws2812_init                            0x08003a10   Section        0  ws2812.o(i.ws2812_init)
    i.ws2812_reset_blocking                  0x08003a74   Section        0  ws2812.o(i.ws2812_reset_blocking)
    ws2812_reset_blocking                    0x08003a75   Thumb Code    38  ws2812.o(i.ws2812_reset_blocking)
    i.ws2812_send                            0x08003a9c   Section        0  ws2812.o(i.ws2812_send)
    i.ws2812_set_all                         0x08003b54   Section        0  adc_detect.o(i.ws2812_set_all)
    i.ws2812_set_color                       0x08003b88   Section        0  ws2812.o(i.ws2812_set_color)
    i.ws2812_show                            0x08003bb6   Section        0  adc_detect.o(i.ws2812_show)
    i.ws2812_spi_tx_cplt_isr                 0x08003bd0   Section        0  ws2812.o(i.ws2812_spi_tx_cplt_isr)
    x$fpl$fadd                               0x08003bdc   Section      196  faddsub_clz.o(x$fpl$fadd)
    _fadd1                                   0x08003beb   Thumb Code     0  faddsub_clz.o(x$fpl$fadd)
    x$fpl$fcmpinf                            0x08003ca0   Section       24  fcmpi.o(x$fpl$fcmpinf)
    x$fpl$fdiv                               0x08003cb8   Section      388  fdiv.o(x$fpl$fdiv)
    _fdiv1                                   0x08003cb9   Thumb Code     0  fdiv.o(x$fpl$fdiv)
    x$fpl$ffixu                              0x08003e3c   Section       62  ffixu.o(x$fpl$ffixu)
    x$fpl$ffltu                              0x08003e7c   Section       38  fflt_clz.o(x$fpl$ffltu)
    x$fpl$fleqf                              0x08003ea4   Section      104  fleqf.o(x$fpl$fleqf)
    x$fpl$fmul                               0x08003f0c   Section      258  fmul.o(x$fpl$fmul)
    x$fpl$fnaninf                            0x0800400e   Section      140  fnaninf.o(x$fpl$fnaninf)
    x$fpl$fretinf                            0x0800409a   Section       10  fretinf.o(x$fpl$fretinf)
    x$fpl$frleqf                             0x080040a4   Section       98  frleqf.o(x$fpl$frleqf)
    x$fpl$fsub                               0x08004108   Section      234  faddsub_clz.o(x$fpl$fsub)
    _fsub1                                   0x08004117   Thumb Code     0  faddsub_clz.o(x$fpl$fsub)
    .constdata                               0x080041f2   Section       18  stm32f1xx_hal_rcc.o(.constdata)
    x$fpl$usenofp                            0x080041f2   Section        0  usenofp.o(x$fpl$usenofp)
    aPLLMULFactorTable                       0x080041f2   Data          16  stm32f1xx_hal_rcc.o(.constdata)
    aPredivFactorTable                       0x08004202   Data           2  stm32f1xx_hal_rcc.o(.constdata)
    .constdata                               0x08004204   Section       18  stm32f1xx_hal_rcc_ex.o(.constdata)
    aPLLMULFactorTable                       0x08004204   Data          16  stm32f1xx_hal_rcc_ex.o(.constdata)
    aPredivFactorTable                       0x08004214   Data           2  stm32f1xx_hal_rcc_ex.o(.constdata)
    .constdata                               0x08004216   Section       24  system_stm32f1xx.o(.constdata)
    .data                                    0x20000000   Section       44  main.o(.data)
    .data                                    0x2000002c   Section        9  stm32f1xx_hal.o(.data)
    .data                                    0x20000038   Section        4  system_stm32f1xx.o(.data)
    .data                                    0x2000003c   Section        1  ws2812.o(.data)
    .data                                    0x20000040   Section       92  adc_detect.o(.data)
    baseline_f_inited                        0x20000040   Data           1  adc_detect.o(.data)
    g_hit_total                              0x20000080   Data           4  adc_detect.o(.data)
    g_hit_small                              0x20000084   Data           4  adc_detect.o(.data)
    g_hit_large                              0x20000088   Data           4  adc_detect.o(.data)
    q_head                                   0x2000008c   Data           1  adc_detect.o(.data)
    q_tail                                   0x2000008d   Data           1  adc_detect.o(.data)
    q_cnt                                    0x2000008e   Data           1  adc_detect.o(.data)
    debounce_ts                              0x20000090   Data           4  adc_detect.o(.data)
    debouncing                               0x20000094   Data           1  adc_detect.o(.data)
    last_was_large                           0x20000095   Data           1  adc_detect.o(.data)
    last_was_small                           0x20000096   Data           1  adc_detect.o(.data)
    armed                                    0x20000097   Data           1  adc_detect.o(.data)
    rearm_ts                                 0x20000098   Data           4  adc_detect.o(.data)
    .data                                    0x2000009c   Section       31  can_receive.o(.data)
    .bss                                     0x200000bc   Section      468  main.o(.bss)
    .bss                                     0x20000290   Section      116  adc.o(.bss)
    .bss                                     0x20000304   Section       40  can.o(.bss)
    .bss                                     0x2000032c   Section      156  spi.o(.bss)
    .bss                                     0x200003c8   Section      296  adc_detect.o(.bss)
    baseline_f                               0x200003c8   Data          16  adc_detect.o(.bss)
    q                                        0x200003e4   Data         256  adc_detect.o(.bss)
    s_blink                                  0x200004e4   Data          12  adc_detect.o(.bss)
    .bss                                     0x200004f0   Section       52  can_receive.o(.bss)
    .bss                                     0x20000524   Section       96  libspace.o(.bss)
    HEAP                                     0x20000588   Section      512  startup_stm32f103xb.o(HEAP)
    Heap_Mem                                 0x20000588   Data         512  startup_stm32f103xb.o(HEAP)
    STACK                                    0x20000788   Section     1024  startup_stm32f103xb.o(STACK)
    Stack_Mem                                0x20000788   Data        1024  startup_stm32f103xb.o(STACK)
    __initial_sp                             0x20000b88   Data           0  startup_stm32f103xb.o(STACK)

    Global Symbols

    Symbol Name                              Value     Ov Type        Size  Object(Section)

    BuildAttributes$$THM_ISAv4$P$D$K$B$S$PE$A:L22UL41UL21$X:L11$S22US41US21$IEEE1$IW$USESV6$~STKCKD$USESV7$~SHL$OSPACE$ROPI$EBA8$UX$STANDARDLIB$REQ8$PRES8$EABIv2 0x00000000   Number         0  anon$$obj.o ABSOLUTE
    __ARM_use_no_argv                        0x00000000   Number         0  main.o ABSOLUTE
    __ARM_exceptions_init                     - Undefined Weak Reference
    __alloca_initialize                       - Undefined Weak Reference
    __arm_fini_                               - Undefined Weak Reference
    __arm_preinit_                            - Undefined Weak Reference
    __cpp_initialize__aeabi_                  - Undefined Weak Reference
    __cxa_finalize                            - Undefined Weak Reference
    __rt_locale                               - Undefined Weak Reference
    __sigvec_lookup                           - Undefined Weak Reference
    _atexit_init                              - Undefined Weak Reference
    _call_atexit_fns                          - Undefined Weak Reference
    _clock_init                               - Undefined Weak Reference
    _fp_trap_init                             - Undefined Weak Reference
    _fp_trap_shutdown                         - Undefined Weak Reference
    _get_lc_collate                           - Undefined Weak Reference
    _get_lc_ctype                             - Undefined Weak Reference
    _get_lc_monetary                          - Undefined Weak Reference
    _get_lc_numeric                           - Undefined Weak Reference
    _get_lc_time                              - Undefined Weak Reference
    _getenv_init                              - Undefined Weak Reference
    _handle_redirection                       - Undefined Weak Reference
    _init_alloc                               - Undefined Weak Reference
    _init_user_alloc                          - Undefined Weak Reference
    _initio                                   - Undefined Weak Reference
    _rand_init                                - Undefined Weak Reference
    _signal_finish                            - Undefined Weak Reference
    _signal_init                              - Undefined Weak Reference
    _terminate_alloc                          - Undefined Weak Reference
    _terminate_user_alloc                     - Undefined Weak Reference
    _terminateio                              - Undefined Weak Reference
    __Vectors_Size                           0x000000ec   Number         0  startup_stm32f103xb.o ABSOLUTE
    __Vectors                                0x08000000   Data           4  startup_stm32f103xb.o(RESET)
    __Vectors_End                            0x080000ec   Data           0  startup_stm32f103xb.o(RESET)
    __main                                   0x080000ed   Thumb Code     8  __main.o(!!!main)
    __scatterload                            0x080000f5   Thumb Code     0  __scatter.o(!!!scatter)
    __scatterload_rt2                        0x080000f5   Thumb Code    44  __scatter.o(!!!scatter)
    __scatterload_rt2_thumb_only             0x080000f5   Thumb Code     0  __scatter.o(!!!scatter)
    __scatterload_null                       0x08000103   Thumb Code     0  __scatter.o(!!!scatter)
    __scatterload_copy                       0x08000129   Thumb Code    26  __scatter_copy.o(!!handler_copy)
    __scatterload_zeroinit                   0x08000145   Thumb Code    28  __scatter_zi.o(!!handler_zi)
    __rt_lib_init                            0x08000161   Thumb Code     0  libinit.o(.ARM.Collect$$libinit$$00000000)
    __rt_lib_init_alloca_1                   0x08000163   Thumb Code     0  libinit2.o(.ARM.Collect$$libinit$$0000002E)
    __rt_lib_init_argv_1                     0x08000163   Thumb Code     0  libinit2.o(.ARM.Collect$$libinit$$0000002C)
    __rt_lib_init_atexit_1                   0x08000163   Thumb Code     0  libinit2.o(.ARM.Collect$$libinit$$0000001B)
    __rt_lib_init_clock_1                    0x08000163   Thumb Code     0  libinit2.o(.ARM.Collect$$libinit$$00000021)
    __rt_lib_init_cpp_1                      0x08000163   Thumb Code     0  libinit2.o(.ARM.Collect$$libinit$$00000032)
    __rt_lib_init_exceptions_1               0x08000163   Thumb Code     0  libinit2.o(.ARM.Collect$$libinit$$00000030)
    __rt_lib_init_fp_1                       0x08000163   Thumb Code     0  libinit2.o(.ARM.Collect$$libinit$$00000002)
    __rt_lib_init_fp_trap_1                  0x08000163   Thumb Code     0  libinit2.o(.ARM.Collect$$libinit$$0000001F)
    __rt_lib_init_getenv_1                   0x08000163   Thumb Code     0  libinit2.o(.ARM.Collect$$libinit$$00000023)
    __rt_lib_init_heap_1                     0x08000163   Thumb Code     0  libinit2.o(.ARM.Collect$$libinit$$0000000A)
    __rt_lib_init_lc_collate_1               0x08000163   Thumb Code     0  libinit2.o(.ARM.Collect$$libinit$$00000011)
    __rt_lib_init_lc_ctype_1                 0x08000163   Thumb Code     0  libinit2.o(.ARM.Collect$$libinit$$00000013)
    __rt_lib_init_lc_monetary_1              0x08000163   Thumb Code     0  libinit2.o(.ARM.Collect$$libinit$$00000015)
    __rt_lib_init_lc_numeric_1               0x08000163   Thumb Code     0  libinit2.o(.ARM.Collect$$libinit$$00000017)
    __rt_lib_init_lc_time_1                  0x08000163   Thumb Code     0  libinit2.o(.ARM.Collect$$libinit$$00000019)
    __rt_lib_init_preinit_1                  0x08000163   Thumb Code     0  libinit2.o(.ARM.Collect$$libinit$$00000004)
    __rt_lib_init_rand_1                     0x08000163   Thumb Code     0  libinit2.o(.ARM.Collect$$libinit$$0000000E)
    __rt_lib_init_return                     0x08000163   Thumb Code     0  libinit2.o(.ARM.Collect$$libinit$$00000033)
    __rt_lib_init_signal_1                   0x08000163   Thumb Code     0  libinit2.o(.ARM.Collect$$libinit$$0000001D)
    __rt_lib_init_stdio_1                    0x08000163   Thumb Code     0  libinit2.o(.ARM.Collect$$libinit$$00000025)
    __rt_lib_init_user_alloc_1               0x08000163   Thumb Code     0  libinit2.o(.ARM.Collect$$libinit$$0000000C)
    __rt_lib_shutdown                        0x08000165   Thumb Code     0  libshutdown.o(.ARM.Collect$$libshutdown$$00000000)
    __rt_lib_shutdown_cpp_1                  0x08000167   Thumb Code     0  libshutdown2.o(.ARM.Collect$$libshutdown$$00000004)
    __rt_lib_shutdown_fini_1                 0x08000167   Thumb Code     0  libshutdown2.o(.ARM.Collect$$libshutdown$$00000002)
    __rt_lib_shutdown_fp_trap_1              0x08000167   Thumb Code     0  libshutdown2.o(.ARM.Collect$$libshutdown$$00000009)
    __rt_lib_shutdown_heap_1                 0x08000167   Thumb Code     0  libshutdown2.o(.ARM.Collect$$libshutdown$$00000011)
    __rt_lib_shutdown_return                 0x08000167   Thumb Code     0  libshutdown2.o(.ARM.Collect$$libshutdown$$00000012)
    __rt_lib_shutdown_signal_1               0x08000167   Thumb Code     0  libshutdown2.o(.ARM.Collect$$libshutdown$$0000000C)
    __rt_lib_shutdown_stdio_1                0x08000167   Thumb Code     0  libshutdown2.o(.ARM.Collect$$libshutdown$$00000006)
    __rt_lib_shutdown_user_alloc_1           0x08000167   Thumb Code     0  libshutdown2.o(.ARM.Collect$$libshutdown$$0000000E)
    __rt_entry                               0x08000169   Thumb Code     0  __rtentry.o(.ARM.Collect$$rtentry$$00000000)
    __rt_entry_presh_1                       0x08000169   Thumb Code     0  __rtentry2.o(.ARM.Collect$$rtentry$$00000002)
    __rt_entry_sh                            0x08000169   Thumb Code     0  __rtentry4.o(.ARM.Collect$$rtentry$$00000004)
    __rt_entry_li                            0x0800016f   Thumb Code     0  __rtentry2.o(.ARM.Collect$$rtentry$$0000000A)
    __rt_entry_postsh_1                      0x0800016f   Thumb Code     0  __rtentry2.o(.ARM.Collect$$rtentry$$00000009)
    __rt_entry_main                          0x08000173   Thumb Code     0  __rtentry2.o(.ARM.Collect$$rtentry$$0000000D)
    __rt_entry_postli_1                      0x08000173   Thumb Code     0  __rtentry2.o(.ARM.Collect$$rtentry$$0000000C)
    __rt_exit                                0x0800017b   Thumb Code     0  rtexit.o(.ARM.Collect$$rtexit$$00000000)
    __rt_exit_ls                             0x0800017d   Thumb Code     0  rtexit2.o(.ARM.Collect$$rtexit$$00000003)
    __rt_exit_prels_1                        0x0800017d   Thumb Code     0  rtexit2.o(.ARM.Collect$$rtexit$$00000002)
    __rt_exit_exit                           0x08000181   Thumb Code     0  rtexit2.o(.ARM.Collect$$rtexit$$00000004)
    Reset_Handler                            0x08000189   Thumb Code     8  startup_stm32f103xb.o(.text)
    CAN1_SCE_IRQHandler                      0x080001a3   Thumb Code     0  startup_stm32f103xb.o(.text)
    DMA1_Channel2_IRQHandler                 0x080001a3   Thumb Code     0  startup_stm32f103xb.o(.text)
    DMA1_Channel4_IRQHandler                 0x080001a3   Thumb Code     0  startup_stm32f103xb.o(.text)
    DMA1_Channel5_IRQHandler                 0x080001a3   Thumb Code     0  startup_stm32f103xb.o(.text)
    DMA1_Channel6_IRQHandler                 0x080001a3   Thumb Code     0  startup_stm32f103xb.o(.text)
    DMA1_Channel7_IRQHandler                 0x080001a3   Thumb Code     0  startup_stm32f103xb.o(.text)
    EXTI0_IRQHandler                         0x080001a3   Thumb Code     0  startup_stm32f103xb.o(.text)
    EXTI15_10_IRQHandler                     0x080001a3   Thumb Code     0  startup_stm32f103xb.o(.text)
    EXTI1_IRQHandler                         0x080001a3   Thumb Code     0  startup_stm32f103xb.o(.text)
    EXTI2_IRQHandler                         0x080001a3   Thumb Code     0  startup_stm32f103xb.o(.text)
    EXTI3_IRQHandler                         0x080001a3   Thumb Code     0  startup_stm32f103xb.o(.text)
    EXTI4_IRQHandler                         0x080001a3   Thumb Code     0  startup_stm32f103xb.o(.text)
    EXTI9_5_IRQHandler                       0x080001a3   Thumb Code     0  startup_stm32f103xb.o(.text)
    FLASH_IRQHandler                         0x080001a3   Thumb Code     0  startup_stm32f103xb.o(.text)
    I2C1_ER_IRQHandler                       0x080001a3   Thumb Code     0  startup_stm32f103xb.o(.text)
    I2C1_EV_IRQHandler                       0x080001a3   Thumb Code     0  startup_stm32f103xb.o(.text)
    I2C2_ER_IRQHandler                       0x080001a3   Thumb Code     0  startup_stm32f103xb.o(.text)
    I2C2_EV_IRQHandler                       0x080001a3   Thumb Code     0  startup_stm32f103xb.o(.text)
    PVD_IRQHandler                           0x080001a3   Thumb Code     0  startup_stm32f103xb.o(.text)
    RCC_IRQHandler                           0x080001a3   Thumb Code     0  startup_stm32f103xb.o(.text)
    RTC_Alarm_IRQHandler                     0x080001a3   Thumb Code     0  startup_stm32f103xb.o(.text)
    RTC_IRQHandler                           0x080001a3   Thumb Code     0  startup_stm32f103xb.o(.text)
    SPI1_IRQHandler                          0x080001a3   Thumb Code     0  startup_stm32f103xb.o(.text)
    SPI2_IRQHandler                          0x080001a3   Thumb Code     0  startup_stm32f103xb.o(.text)
    TAMPER_IRQHandler                        0x080001a3   Thumb Code     0  startup_stm32f103xb.o(.text)
    TIM1_BRK_IRQHandler                      0x080001a3   Thumb Code     0  startup_stm32f103xb.o(.text)
    TIM1_CC_IRQHandler                       0x080001a3   Thumb Code     0  startup_stm32f103xb.o(.text)
    TIM1_TRG_COM_IRQHandler                  0x080001a3   Thumb Code     0  startup_stm32f103xb.o(.text)
    TIM1_UP_IRQHandler                       0x080001a3   Thumb Code     0  startup_stm32f103xb.o(.text)
    TIM2_IRQHandler                          0x080001a3   Thumb Code     0  startup_stm32f103xb.o(.text)
    TIM3_IRQHandler                          0x080001a3   Thumb Code     0  startup_stm32f103xb.o(.text)
    TIM4_IRQHandler                          0x080001a3   Thumb Code     0  startup_stm32f103xb.o(.text)
    USART1_IRQHandler                        0x080001a3   Thumb Code     0  startup_stm32f103xb.o(.text)
    USART2_IRQHandler                        0x080001a3   Thumb Code     0  startup_stm32f103xb.o(.text)
    USART3_IRQHandler                        0x080001a3   Thumb Code     0  startup_stm32f103xb.o(.text)
    USBWakeUp_IRQHandler                     0x080001a3   Thumb Code     0  startup_stm32f103xb.o(.text)
    USB_HP_CAN1_TX_IRQHandler                0x080001a3   Thumb Code     0  startup_stm32f103xb.o(.text)
    WWDG_IRQHandler                          0x080001a3   Thumb Code     0  startup_stm32f103xb.o(.text)
    __user_initial_stackheap                 0x080001a5   Thumb Code     0  startup_stm32f103xb.o(.text)
    __aeabi_memclr                           0x080001c9   Thumb Code     0  rt_memclr.o(.text)
    __rt_memclr                              0x080001c9   Thumb Code    68  rt_memclr.o(.text)
    _memset                                  0x080001cd   Thumb Code     0  rt_memclr.o(.text)
    __aeabi_memclr4                          0x0800020d   Thumb Code     0  rt_memclr_w.o(.text)
    __aeabi_memclr8                          0x0800020d   Thumb Code     0  rt_memclr_w.o(.text)
    __rt_memclr_w                            0x0800020d   Thumb Code    78  rt_memclr_w.o(.text)
    _memset_w                                0x08000211   Thumb Code     0  rt_memclr_w.o(.text)
    __use_two_region_memory                  0x0800025b   Thumb Code     2  heapauxi.o(.text)
    __rt_heap_escrow$2region                 0x0800025d   Thumb Code     2  heapauxi.o(.text)
    __rt_heap_expand$2region                 0x0800025f   Thumb Code     2  heapauxi.o(.text)
    __user_setup_stackheap                   0x08000261   Thumb Code    74  sys_stackheap_outer.o(.text)
    exit                                     0x080002ab   Thumb Code    18  exit.o(.text)
    __user_libspace                          0x080002bd   Thumb Code     8  libspace.o(.text)
    __user_perproc_libspace                  0x080002bd   Thumb Code     0  libspace.o(.text)
    __user_perthread_libspace                0x080002bd   Thumb Code     0  libspace.o(.text)
    _sys_exit                                0x080002c5   Thumb Code     8  sys_exit.o(.text)
    __I$use$semihosting                      0x080002d1   Thumb Code     0  use_no_semi.o(.text)
    __use_no_semihosting_swi                 0x080002d1   Thumb Code     2  use_no_semi.o(.text)
    __semihosting_library_function           0x080002d3   Thumb Code     0  indicate_semi.o(.text)
    ADC1_2_IRQHandler                        0x080002d5   Thumb Code    10  stm32f1xx_it.o(i.ADC1_2_IRQHandler)
    ADC_ConversionStop_Disable               0x080002e5   Thumb Code    92  stm32f1xx_hal_adc.o(i.ADC_ConversionStop_Disable)
    ADC_DMAConvCplt                          0x08000341   Thumb Code    82  stm32f1xx_hal_adc.o(i.ADC_DMAConvCplt)
    ADC_DMAError                             0x08000393   Thumb Code    30  stm32f1xx_hal_adc.o(i.ADC_DMAError)
    ADC_DMAHalfConvCplt                      0x080003b1   Thumb Code    14  stm32f1xx_hal_adc.o(i.ADC_DMAHalfConvCplt)
    ADC_Enable                               0x080003c1   Thumb Code   134  stm32f1xx_hal_adc.o(i.ADC_Enable)
    BusFault_Handler                         0x08000451   Thumb Code     4  stm32f1xx_it.o(i.BusFault_Handler)
    CAN1_RX1_IRQHandler                      0x08000455   Thumb Code    10  stm32f1xx_it.o(i.CAN1_RX1_IRQHandler)
    CAN_Init                                 0x08000465   Thumb Code    98  can_receive.o(i.CAN_Init)
    CAN_Receive_Color_Data_Handle            0x080004cd   Thumb Code    54  can_receive.o(i.CAN_Receive_Color_Data_Handle)
    CAN_Send_Projectile_Hit                  0x08000515   Thumb Code    30  can_receive.o(i.CAN_Send_Projectile_Hit)
    CAN_Task_Poll                            0x08000541   Thumb Code    20  can_receive.o(i.CAN_Task_Poll)
    DMA1_Channel1_IRQHandler                 0x08000559   Thumb Code    10  stm32f1xx_it.o(i.DMA1_Channel1_IRQHandler)
    DMA1_Channel3_IRQHandler                 0x08000569   Thumb Code    10  stm32f1xx_it.o(i.DMA1_Channel3_IRQHandler)
    DebugMon_Handler                         0x080005a5   Thumb Code     2  stm32f1xx_it.o(i.DebugMon_Handler)
    Error_Handler                            0x080005a7   Thumb Code     4  main.o(i.Error_Handler)
    HAL_ADCEx_Calibration_Start              0x080005ad   Thumb Code   278  stm32f1xx_hal_adc_ex.o(i.HAL_ADCEx_Calibration_Start)
    HAL_ADCEx_InjectedConvCpltCallback       0x080006c9   Thumb Code     2  stm32f1xx_hal_adc_ex.o(i.HAL_ADCEx_InjectedConvCpltCallback)
    HAL_ADC_ConfigChannel                    0x080006cd   Thumb Code   338  stm32f1xx_hal_adc.o(i.HAL_ADC_ConfigChannel)
    HAL_ADC_ConvCpltCallback                 0x0800082d   Thumb Code     2  stm32f1xx_hal_adc.o(i.HAL_ADC_ConvCpltCallback)
    HAL_ADC_ConvHalfCpltCallback             0x0800082f   Thumb Code     2  stm32f1xx_hal_adc.o(i.HAL_ADC_ConvHalfCpltCallback)
    HAL_ADC_ErrorCallback                    0x08000831   Thumb Code     2  stm32f1xx_hal_adc.o(i.HAL_ADC_ErrorCallback)
    HAL_ADC_IRQHandler                       0x08000833   Thumb Code   274  stm32f1xx_hal_adc.o(i.HAL_ADC_IRQHandler)
    HAL_ADC_Init                             0x08000945   Thumb Code   314  stm32f1xx_hal_adc.o(i.HAL_ADC_Init)
    HAL_ADC_LevelOutOfWindowCallback         0x08000a89   Thumb Code     2  stm32f1xx_hal_adc.o(i.HAL_ADC_LevelOutOfWindowCallback)
    HAL_ADC_MspInit                          0x08000a8d   Thumb Code   244  adc.o(i.HAL_ADC_MspInit)
    HAL_ADC_Start_DMA                        0x08000b99   Thumb Code   362  stm32f1xx_hal_adc.o(i.HAL_ADC_Start_DMA)
    HAL_CAN_ActivateNotification             0x08000d19   Thumb Code    42  stm32f1xx_hal_can.o(i.HAL_CAN_ActivateNotification)
    HAL_CAN_AddTxMessage                     0x08000d43   Thumb Code   330  stm32f1xx_hal_can.o(i.HAL_CAN_AddTxMessage)
    HAL_CAN_ConfigFilter                     0x08000e8d   Thumb Code   266  stm32f1xx_hal_can.o(i.HAL_CAN_ConfigFilter)
    HAL_CAN_ErrorCallback                    0x08000f97   Thumb Code     2  stm32f1xx_hal_can.o(i.HAL_CAN_ErrorCallback)
    HAL_CAN_GetRxMessage                     0x08000f99   Thumb Code   404  stm32f1xx_hal_can.o(i.HAL_CAN_GetRxMessage)
    HAL_CAN_IRQHandler                       0x0800112d   Thumb Code   590  stm32f1xx_hal_can.o(i.HAL_CAN_IRQHandler)
    HAL_CAN_Init                             0x0800137b   Thumb Code   372  stm32f1xx_hal_can.o(i.HAL_CAN_Init)
    HAL_CAN_MspInit                          0x080014f1   Thumb Code   154  can.o(i.HAL_CAN_MspInit)
    HAL_CAN_RxFifo0FullCallback              0x08001599   Thumb Code     2  stm32f1xx_hal_can.o(i.HAL_CAN_RxFifo0FullCallback)
    HAL_CAN_RxFifo0MsgPendingCallback        0x0800159d   Thumb Code    50  can_receive.o(i.HAL_CAN_RxFifo0MsgPendingCallback)
    HAL_CAN_RxFifo1FullCallback              0x080015dd   Thumb Code     2  stm32f1xx_hal_can.o(i.HAL_CAN_RxFifo1FullCallback)
    HAL_CAN_RxFifo1MsgPendingCallback        0x080015df   Thumb Code     2  stm32f1xx_hal_can.o(i.HAL_CAN_RxFifo1MsgPendingCallback)
    HAL_CAN_SleepCallback                    0x080015e1   Thumb Code     2  stm32f1xx_hal_can.o(i.HAL_CAN_SleepCallback)
    HAL_CAN_Start                            0x080015e3   Thumb Code    94  stm32f1xx_hal_can.o(i.HAL_CAN_Start)
    HAL_CAN_TxMailbox0AbortCallback          0x08001641   Thumb Code     2  stm32f1xx_hal_can.o(i.HAL_CAN_TxMailbox0AbortCallback)
    HAL_CAN_TxMailbox0CompleteCallback       0x08001643   Thumb Code     2  stm32f1xx_hal_can.o(i.HAL_CAN_TxMailbox0CompleteCallback)
    HAL_CAN_TxMailbox1AbortCallback          0x08001645   Thumb Code     2  stm32f1xx_hal_can.o(i.HAL_CAN_TxMailbox1AbortCallback)
    HAL_CAN_TxMailbox1CompleteCallback       0x08001647   Thumb Code     2  stm32f1xx_hal_can.o(i.HAL_CAN_TxMailbox1CompleteCallback)
    HAL_CAN_TxMailbox2AbortCallback          0x08001649   Thumb Code     2  stm32f1xx_hal_can.o(i.HAL_CAN_TxMailbox2AbortCallback)
    HAL_CAN_TxMailbox2CompleteCallback       0x0800164b   Thumb Code     2  stm32f1xx_hal_can.o(i.HAL_CAN_TxMailbox2CompleteCallback)
    HAL_CAN_WakeUpFromRxMsgCallback          0x0800164d   Thumb Code     2  stm32f1xx_hal_can.o(i.HAL_CAN_WakeUpFromRxMsgCallback)
    HAL_DMA_IRQHandler                       0x08001651   Thumb Code   408  stm32f1xx_hal_dma.o(i.HAL_DMA_IRQHandler)
    HAL_DMA_Init                             0x080017ed   Thumb Code   100  stm32f1xx_hal_dma.o(i.HAL_DMA_Init)
    HAL_DMA_Start_IT                         0x08001855   Thumb Code   156  stm32f1xx_hal_dma.o(i.HAL_DMA_Start_IT)
    HAL_Delay                                0x080018f1   Thumb Code    36  stm32f1xx_hal.o(i.HAL_Delay)
    HAL_GPIO_Init                            0x08001919   Thumb Code   766  stm32f1xx_hal_gpio.o(i.HAL_GPIO_Init)
    HAL_GetTick                              0x08001c39   Thumb Code     6  stm32f1xx_hal.o(i.HAL_GetTick)
    HAL_IncTick                              0x08001c45   Thumb Code    16  stm32f1xx_hal.o(i.HAL_IncTick)
    HAL_Init                                 0x08001c5d   Thumb Code    34  stm32f1xx_hal.o(i.HAL_Init)
    HAL_InitTick                             0x08001c85   Thumb Code    64  stm32f1xx_hal.o(i.HAL_InitTick)
    HAL_MspInit                              0x08001cd1   Thumb Code    76  stm32f1xx_hal_msp.o(i.HAL_MspInit)
    HAL_NVIC_EnableIRQ                       0x08001d25   Thumb Code    32  stm32f1xx_hal_cortex.o(i.HAL_NVIC_EnableIRQ)
    HAL_NVIC_SetPriority                     0x08001d45   Thumb Code   124  stm32f1xx_hal_cortex.o(i.HAL_NVIC_SetPriority)
    HAL_NVIC_SetPriorityGrouping             0x08001dc1   Thumb Code    32  stm32f1xx_hal_cortex.o(i.HAL_NVIC_SetPriorityGrouping)
    HAL_RCCEx_GetPeriphCLKFreq               0x08001de9   Thumb Code   232  stm32f1xx_hal_rcc_ex.o(i.HAL_RCCEx_GetPeriphCLKFreq)
    HAL_RCCEx_PeriphCLKConfig                0x08001ee9   Thumb Code   290  stm32f1xx_hal_rcc_ex.o(i.HAL_RCCEx_PeriphCLKConfig)
    HAL_RCC_ClockConfig                      0x08002019   Thumb Code   376  stm32f1xx_hal_rcc.o(i.HAL_RCC_ClockConfig)
    HAL_RCC_GetHCLKFreq                      0x080021a5   Thumb Code     6  stm32f1xx_hal_rcc.o(i.HAL_RCC_GetHCLKFreq)
    HAL_RCC_GetPCLK2Freq                     0x080021b1   Thumb Code    22  stm32f1xx_hal_rcc.o(i.HAL_RCC_GetPCLK2Freq)
    HAL_RCC_GetSysClockFreq                  0x080021d1   Thumb Code    92  stm32f1xx_hal_rcc.o(i.HAL_RCC_GetSysClockFreq)
    HAL_RCC_OscConfig                        0x08002245   Thumb Code  1114  stm32f1xx_hal_rcc.o(i.HAL_RCC_OscConfig)
    HAL_SPI_ErrorCallback                    0x080026a9   Thumb Code     2  stm32f1xx_hal_spi.o(i.HAL_SPI_ErrorCallback)
    HAL_SPI_GetState                         0x080026ab   Thumb Code     8  stm32f1xx_hal_spi.o(i.HAL_SPI_GetState)
    HAL_SPI_Init                             0x080026b3   Thumb Code   190  stm32f1xx_hal_spi.o(i.HAL_SPI_Init)
    HAL_SPI_MspInit                          0x08002771   Thumb Code   192  spi.o(i.HAL_SPI_MspInit)
    HAL_SPI_Transmit                         0x08002849   Thumb Code   446  stm32f1xx_hal_spi.o(i.HAL_SPI_Transmit)
    HAL_SPI_Transmit_DMA                     0x08002a09   Thumb Code   238  stm32f1xx_hal_spi.o(i.HAL_SPI_Transmit_DMA)
    HAL_SPI_TxCpltCallback                   0x08002b05   Thumb Code    20  main.o(i.HAL_SPI_TxCpltCallback)
    HAL_SPI_TxHalfCpltCallback               0x08002b1d   Thumb Code     2  stm32f1xx_hal_spi.o(i.HAL_SPI_TxHalfCpltCallback)
    HAL_SYSTICK_Config                       0x08002b1f   Thumb Code    52  stm32f1xx_hal_cortex.o(i.HAL_SYSTICK_Config)
    HardFault_Handler                        0x08002b53   Thumb Code     4  stm32f1xx_it.o(i.HardFault_Handler)
    MX_ADC1_Init                             0x08002b59   Thumb Code   152  adc.o(i.MX_ADC1_Init)
    MX_CAN_Init                              0x08002bf9   Thumb Code    64  can.o(i.MX_CAN_Init)
    MX_DMA_Init                              0x08002c41   Thumb Code    64  dma.o(i.MX_DMA_Init)
    MX_GPIO_Init                             0x08002c85   Thumb Code    84  gpio.o(i.MX_GPIO_Init)
    MX_SPI1_Init                             0x08002cdd   Thumb Code    60  spi.o(i.MX_SPI1_Init)
    MemManage_Handler                        0x08002d21   Thumb Code     4  stm32f1xx_it.o(i.MemManage_Handler)
    NMI_Handler                              0x08002d25   Thumb Code     4  stm32f1xx_it.o(i.NMI_Handler)
    PendSV_Handler                           0x08002d29   Thumb Code     2  stm32f1xx_it.o(i.PendSV_Handler)
    ProjectileHit_Process                    0x08002d2b   Thumb Code    58  can_receive.o(i.ProjectileHit_Process)
    SVC_Handler                              0x08002f5d   Thumb Code     2  stm32f1xx_it.o(i.SVC_Handler)
    Soft_Reset                               0x08002f61   Thumb Code    94  can_receive.o(i.Soft_Reset)
    SysTick_Handler                          0x08002fc9   Thumb Code     8  stm32f1xx_it.o(i.SysTick_Handler)
    SystemClock_Config                       0x08002fd1   Thumb Code   132  main.o(i.SystemClock_Config)
    SystemInit                               0x08003055   Thumb Code     2  system_stm32f1xx.o(i.SystemInit)
    USB_LP_CAN1_RX0_IRQHandler               0x08003059   Thumb Code    10  stm32f1xx_it.o(i.USB_LP_CAN1_RX0_IRQHandler)
    UsageFault_Handler                       0x08003069   Thumb Code     4  stm32f1xx_it.o(i.UsageFault_Handler)
    adc_detect_get_valid_ball                0x080030a5   Thumb Code     8  adc_detect.o(i.adc_detect_get_valid_ball)
    adc_detect_get_vdiff                     0x080030ad   Thumb Code    78  adc_detect.o(i.adc_detect_get_vdiff)
    adc_detect_init                          0x08003109   Thumb Code    92  adc_detect.o(i.adc_detect_init)
    adc_detect_process                       0x08003195   Thumb Code   434  adc_detect.o(i.adc_detect_process)
    armor_set_color                          0x080033a1   Thumb Code   140  can_receive.o(i.armor_set_color)
    main                                     0x080036a5   Thumb Code   302  main.o(i.main)
    ws2812_encode                            0x08003841   Thumb Code   150  ws2812.o(i.ws2812_encode)
    ws2812_fill                              0x080038d7   Thumb Code    52  ws2812.o(i.ws2812_fill)
    ws2812_hit_blink_blue_twice              0x0800390d   Thumb Code    70  adc_detect.o(i.ws2812_hit_blink_blue_twice)
    ws2812_init                              0x08003a11   Thumb Code   100  ws2812.o(i.ws2812_init)
    ws2812_send                              0x08003a9d   Thumb Code   180  ws2812.o(i.ws2812_send)
    ws2812_set_all                           0x08003b55   Thumb Code    52  adc_detect.o(i.ws2812_set_all)
    ws2812_set_color                         0x08003b89   Thumb Code    46  ws2812.o(i.ws2812_set_color)
    ws2812_show                              0x08003bb7   Thumb Code    26  adc_detect.o(i.ws2812_show)
    ws2812_spi_tx_cplt_isr                   0x08003bd1   Thumb Code    10  ws2812.o(i.ws2812_spi_tx_cplt_isr)
    __aeabi_fadd                             0x08003bdd   Thumb Code     0  faddsub_clz.o(x$fpl$fadd)
    _fadd                                    0x08003bdd   Thumb Code   196  faddsub_clz.o(x$fpl$fadd)
    __fpl_fcmp_Inf                           0x08003ca1   Thumb Code    24  fcmpi.o(x$fpl$fcmpinf)
    __aeabi_fdiv                             0x08003cb9   Thumb Code     0  fdiv.o(x$fpl$fdiv)
    _fdiv                                    0x08003cb9   Thumb Code   384  fdiv.o(x$fpl$fdiv)
    __aeabi_f2uiz                            0x08003e3d   Thumb Code     0  ffixu.o(x$fpl$ffixu)
    _ffixu                                   0x08003e3d   Thumb Code    62  ffixu.o(x$fpl$ffixu)
    __aeabi_ui2f                             0x08003e7d   Thumb Code     0  fflt_clz.o(x$fpl$ffltu)
    _ffltu                                   0x08003e7d   Thumb Code    38  fflt_clz.o(x$fpl$ffltu)
    __aeabi_cfcmple                          0x08003ea5   Thumb Code     0  fleqf.o(x$fpl$fleqf)
    _fcmple                                  0x08003ea5   Thumb Code   104  fleqf.o(x$fpl$fleqf)
    __fpl_fcmple_InfNaN                      0x08003ef7   Thumb Code     0  fleqf.o(x$fpl$fleqf)
    __aeabi_fmul                             0x08003f0d   Thumb Code     0  fmul.o(x$fpl$fmul)
    _fmul                                    0x08003f0d   Thumb Code   258  fmul.o(x$fpl$fmul)
    __fpl_fnaninf                            0x0800400f   Thumb Code   140  fnaninf.o(x$fpl$fnaninf)
    __fpl_fretinf                            0x0800409b   Thumb Code    10  fretinf.o(x$fpl$fretinf)
    __aeabi_cfrcmple                         0x080040a5   Thumb Code     0  frleqf.o(x$fpl$frleqf)
    _frcmple                                 0x080040a5   Thumb Code    98  frleqf.o(x$fpl$frleqf)
    __aeabi_fsub                             0x08004109   Thumb Code     0  faddsub_clz.o(x$fpl$fsub)
    _fsub                                    0x08004109   Thumb Code   234  faddsub_clz.o(x$fpl$fsub)
    __I$use$fp                               0x080041f2   Number         0  usenofp.o(x$fpl$usenofp)
    AHBPrescTable                            0x08004216   Data          16  system_stm32f1xx.o(.constdata)
    APBPrescTable                            0x08004226   Data           8  system_stm32f1xx.o(.constdata)
    Region$$Table$$Base                      0x08004230   Number         0  anon$$obj.o(Region$$Table)
    Region$$Table$$Limit                     0x08004250   Number         0  anon$$obj.o(Region$$Table)
    adc_dma_buf                              0x20000000   Data           8  main.o(.data)
    UF                                       0x20000008   Data           4  main.o(.data)
    UR                                       0x2000000c   Data           4  main.o(.data)
    DF                                       0x20000010   Data           4  main.o(.data)
    DR                                       0x20000014   Data           4  main.o(.data)
    UFV                                      0x20000018   Data           4  main.o(.data)
    URV                                      0x2000001c   Data           4  main.o(.data)
    DFV                                      0x20000020   Data           4  main.o(.data)
    DRV                                      0x20000024   Data           4  main.o(.data)
    b                                        0x20000028   Data           4  main.o(.data)
    uwTick                                   0x2000002c   Data           4  stm32f1xx_hal.o(.data)
    uwTickPrio                               0x20000030   Data           4  stm32f1xx_hal.o(.data)
    uwTickFreq                               0x20000034   Data           1  stm32f1xx_hal.o(.data)
    SystemCoreClock                          0x20000038   Data           4  system_stm32f1xx.o(.data)
    ws2812_pause_flag                        0x2000003c   Data           1  ws2812.o(.data)
    adc_detect_cfg                           0x20000044   Data          52  adc_detect.o(.data)
    adc_detect_state                         0x20000078   Data           8  adc_detect.o(.data)
    color_update_flag                        0x2000009c   Data           1  can_receive.o(.data)
    target_color                             0x2000009d   Data           1  can_receive.o(.data)
    reset_pending                            0x2000009e   Data           1  can_receive.o(.data)
    can_rx_data                              0x2000009f   Data           8  can_receive.o(.data)
    can_tx_data                              0x200000a7   Data           8  can_receive.o(.data)
    can_tx_mailbox                           0x200000b0   Data           4  can_receive.o(.data)
    c                                        0x200000b4   Data           4  can_receive.o(.data)
    g_armor_r                                0x200000b8   Data           1  can_receive.o(.data)
    g_armor_g                                0x200000b9   Data           1  can_receive.o(.data)
    g_armor_b                                0x200000ba   Data           1  can_receive.o(.data)
    ws2812_dev                               0x200000bc   Data         452  main.o(.bss)
    v                                        0x20000280   Data          16  main.o(.bss)
    hadc1                                    0x20000290   Data          48  adc.o(.bss)
    hdma_adc1                                0x200002c0   Data          68  adc.o(.bss)
    hcan                                     0x20000304   Data          40  can.o(.bss)
    hspi1                                    0x2000032c   Data          88  spi.o(.bss)
    hdma_spi1_tx                             0x20000384   Data          68  spi.o(.bss)
    adc_base                                 0x200003d8   Data          10  adc_detect.o(.bss)
    can_rx_header                            0x200004f0   Data          28  can_receive.o(.bss)
    can_tx_header                            0x2000050c   Data          24  can_receive.o(.bss)
    __libspace_start                         0x20000524   Data          96  libspace.o(.bss)
    __temporary_stack_top$libspace           0x20000584   Data           0  libspace.o(.bss)



==============================================================================

Memory Map of the image

  Image Entry point : 0x080000ed

  Load Region LR_IROM1 (Base: 0x08000000, Size: 0x0000430c, Max: 0x00010000, ABSOLUTE)

    Execution Region ER_IROM1 (Exec base: 0x08000000, Load base: 0x08000000, Size: 0x00004250, Max: 0x00010000, ABSOLUTE)

    Exec Addr    Load Addr    Size         Type   Attr      Idx    E Section Name        Object

    0x08000000   0x08000000   0x000000ec   Data   RO            3    RESET               startup_stm32f103xb.o
    0x080000ec   0x080000ec   0x00000008   Code   RO         2716  * !!!main             c_w.l(__main.o)
    0x080000f4   0x080000f4   0x00000034   Code   RO         2908    !!!scatter          c_w.l(__scatter.o)
    0x08000128   0x08000128   0x0000001a   Code   RO         2910    !!handler_copy      c_w.l(__scatter_copy.o)
    0x08000142   0x08000142   0x00000002   PAD
    0x08000144   0x08000144   0x0000001c   Code   RO         2912    !!handler_zi        c_w.l(__scatter_zi.o)
    0x08000160   0x08000160   0x00000002   Code   RO         2776    .ARM.Collect$$libinit$$00000000  c_w.l(libinit.o)
    0x08000162   0x08000162   0x00000000   Code   RO         2783    .ARM.Collect$$libinit$$00000002  c_w.l(libinit2.o)
    0x08000162   0x08000162   0x00000000   Code   RO         2785    .ARM.Collect$$libinit$$00000004  c_w.l(libinit2.o)
    0x08000162   0x08000162   0x00000000   Code   RO         2788    .ARM.Collect$$libinit$$0000000A  c_w.l(libinit2.o)
    0x08000162   0x08000162   0x00000000   Code   RO         2790    .ARM.Collect$$libinit$$0000000C  c_w.l(libinit2.o)
    0x08000162   0x08000162   0x00000000   Code   RO         2792    .ARM.Collect$$libinit$$0000000E  c_w.l(libinit2.o)
    0x08000162   0x08000162   0x00000000   Code   RO         2795    .ARM.Collect$$libinit$$00000011  c_w.l(libinit2.o)
    0x08000162   0x08000162   0x00000000   Code   RO         2797    .ARM.Collect$$libinit$$00000013  c_w.l(libinit2.o)
    0x08000162   0x08000162   0x00000000   Code   RO         2799    .ARM.Collect$$libinit$$00000015  c_w.l(libinit2.o)
    0x08000162   0x08000162   0x00000000   Code   RO         2801    .ARM.Collect$$libinit$$00000017  c_w.l(libinit2.o)
    0x08000162   0x08000162   0x00000000   Code   RO         2803    .ARM.Collect$$libinit$$00000019  c_w.l(libinit2.o)
    0x08000162   0x08000162   0x00000000   Code   RO         2805    .ARM.Collect$$libinit$$0000001B  c_w.l(libinit2.o)
    0x08000162   0x08000162   0x00000000   Code   RO         2807    .ARM.Collect$$libinit$$0000001D  c_w.l(libinit2.o)
    0x08000162   0x08000162   0x00000000   Code   RO         2809    .ARM.Collect$$libinit$$0000001F  c_w.l(libinit2.o)
    0x08000162   0x08000162   0x00000000   Code   RO         2811    .ARM.Collect$$libinit$$00000021  c_w.l(libinit2.o)
    0x08000162   0x08000162   0x00000000   Code   RO         2813    .ARM.Collect$$libinit$$00000023  c_w.l(libinit2.o)
    0x08000162   0x08000162   0x00000000   Code   RO         2815    .ARM.Collect$$libinit$$00000025  c_w.l(libinit2.o)
    0x08000162   0x08000162   0x00000000   Code   RO         2819    .ARM.Collect$$libinit$$0000002C  c_w.l(libinit2.o)
    0x08000162   0x08000162   0x00000000   Code   RO         2821    .ARM.Collect$$libinit$$0000002E  c_w.l(libinit2.o)
    0x08000162   0x08000162   0x00000000   Code   RO         2823    .ARM.Collect$$libinit$$00000030  c_w.l(libinit2.o)
    0x08000162   0x08000162   0x00000000   Code   RO         2825    .ARM.Collect$$libinit$$00000032  c_w.l(libinit2.o)
    0x08000162   0x08000162   0x00000002   Code   RO         2826    .ARM.Collect$$libinit$$00000033  c_w.l(libinit2.o)
    0x08000164   0x08000164   0x00000002   Code   RO         2846    .ARM.Collect$$libshutdown$$00000000  c_w.l(libshutdown.o)
    0x08000166   0x08000166   0x00000000   Code   RO         2859    .ARM.Collect$$libshutdown$$00000002  c_w.l(libshutdown2.o)
    0x08000166   0x08000166   0x00000000   Code   RO         2861    .ARM.Collect$$libshutdown$$00000004  c_w.l(libshutdown2.o)
    0x08000166   0x08000166   0x00000000   Code   RO         2863    .ARM.Collect$$libshutdown$$00000006  c_w.l(libshutdown2.o)
    0x08000166   0x08000166   0x00000000   Code   RO         2866    .ARM.Collect$$libshutdown$$00000009  c_w.l(libshutdown2.o)
    0x08000166   0x08000166   0x00000000   Code   RO         2869    .ARM.Collect$$libshutdown$$0000000C  c_w.l(libshutdown2.o)
    0x08000166   0x08000166   0x00000000   Code   RO         2871    .ARM.Collect$$libshutdown$$0000000E  c_w.l(libshutdown2.o)
    0x08000166   0x08000166   0x00000000   Code   RO         2874    .ARM.Collect$$libshutdown$$00000011  c_w.l(libshutdown2.o)
    0x08000166   0x08000166   0x00000002   Code   RO         2875    .ARM.Collect$$libshutdown$$00000012  c_w.l(libshutdown2.o)
    0x08000168   0x08000168   0x00000000   Code   RO         2744    .ARM.Collect$$rtentry$$00000000  c_w.l(__rtentry.o)
    0x08000168   0x08000168   0x00000000   Code   RO         2753    .ARM.Collect$$rtentry$$00000002  c_w.l(__rtentry2.o)
    0x08000168   0x08000168   0x00000006   Code   RO         2765    .ARM.Collect$$rtentry$$00000004  c_w.l(__rtentry4.o)
    0x0800016e   0x0800016e   0x00000000   Code   RO         2755    .ARM.Collect$$rtentry$$00000009  c_w.l(__rtentry2.o)
    0x0800016e   0x0800016e   0x00000004   Code   RO         2756    .ARM.Collect$$rtentry$$0000000A  c_w.l(__rtentry2.o)
    0x08000172   0x08000172   0x00000000   Code   RO         2758    .ARM.Collect$$rtentry$$0000000C  c_w.l(__rtentry2.o)
    0x08000172   0x08000172   0x00000008   Code   RO         2759    .ARM.Collect$$rtentry$$0000000D  c_w.l(__rtentry2.o)
    0x0800017a   0x0800017a   0x00000002   Code   RO         2780    .ARM.Collect$$rtexit$$00000000  c_w.l(rtexit.o)
    0x0800017c   0x0800017c   0x00000000   Code   RO         2828    .ARM.Collect$$rtexit$$00000002  c_w.l(rtexit2.o)
    0x0800017c   0x0800017c   0x00000004   Code   RO         2829    .ARM.Collect$$rtexit$$00000003  c_w.l(rtexit2.o)
    0x08000180   0x08000180   0x00000006   Code   RO         2830    .ARM.Collect$$rtexit$$00000004  c_w.l(rtexit2.o)
    0x08000186   0x08000186   0x00000002   PAD
    0x08000188   0x08000188   0x00000040   Code   RO            4    .text               startup_stm32f103xb.o
    0x080001c8   0x080001c8   0x00000044   Code   RO         2710    .text               c_w.l(rt_memclr.o)
    0x0800020c   0x0800020c   0x0000004e   Code   RO         2712    .text               c_w.l(rt_memclr_w.o)
    0x0800025a   0x0800025a   0x00000006   Code   RO         2714    .text               c_w.l(heapauxi.o)
    0x08000260   0x08000260   0x0000004a   Code   RO         2767    .text               c_w.l(sys_stackheap_outer.o)
    0x080002aa   0x080002aa   0x00000012   Code   RO         2769    .text               c_w.l(exit.o)
    0x080002bc   0x080002bc   0x00000008   Code   RO         2777    .text               c_w.l(libspace.o)
    0x080002c4   0x080002c4   0x0000000c   Code   RO         2838    .text               c_w.l(sys_exit.o)
    0x080002d0   0x080002d0   0x00000002   Code   RO         2849    .text               c_w.l(use_no_semi.o)
    0x080002d2   0x080002d2   0x00000000   Code   RO         2851    .text               c_w.l(indicate_semi.o)
    0x080002d2   0x080002d2   0x00000002   PAD
    0x080002d4   0x080002d4   0x00000010   Code   RO          376    i.ADC1_2_IRQHandler  stm32f1xx_it.o
    0x080002e4   0x080002e4   0x0000005c   Code   RO          542    i.ADC_ConversionStop_Disable  stm32f1xx_hal_adc.o
    0x08000340   0x08000340   0x00000052   Code   RO          543    i.ADC_DMAConvCplt   stm32f1xx_hal_adc.o
    0x08000392   0x08000392   0x0000001e   Code   RO          544    i.ADC_DMAError      stm32f1xx_hal_adc.o
    0x080003b0   0x080003b0   0x0000000e   Code   RO          545    i.ADC_DMAHalfConvCplt  stm32f1xx_hal_adc.o
    0x080003be   0x080003be   0x00000002   PAD
    0x080003c0   0x080003c0   0x00000090   Code   RO          546    i.ADC_Enable        stm32f1xx_hal_adc.o
    0x08000450   0x08000450   0x00000004   Code   RO          377    i.BusFault_Handler  stm32f1xx_it.o
    0x08000454   0x08000454   0x00000010   Code   RO          378    i.CAN1_RX1_IRQHandler  stm32f1xx_it.o
    0x08000464   0x08000464   0x00000068   Code   RO         2631    i.CAN_Init          can_receive.o
    0x080004cc   0x080004cc   0x00000048   Code   RO         2632    i.CAN_Receive_Color_Data_Handle  can_receive.o
    0x08000514   0x08000514   0x0000002c   Code   RO         2633    i.CAN_Send_Projectile_Hit  can_receive.o
    0x08000540   0x08000540   0x00000018   Code   RO         2634    i.CAN_Task_Poll     can_receive.o
    0x08000558   0x08000558   0x00000010   Code   RO          379    i.DMA1_Channel1_IRQHandler  stm32f1xx_it.o
    0x08000568   0x08000568   0x00000010   Code   RO          380    i.DMA1_Channel3_IRQHandler  stm32f1xx_it.o
    0x08000578   0x08000578   0x0000002c   Code   RO         1203    i.DMA_SetConfig     stm32f1xx_hal_dma.o
    0x080005a4   0x080005a4   0x00000002   Code   RO          381    i.DebugMon_Handler  stm32f1xx_it.o
    0x080005a6   0x080005a6   0x00000004   Code   RO           13    i.Error_Handler     main.o
    0x080005aa   0x080005aa   0x00000002   PAD
    0x080005ac   0x080005ac   0x0000011c   Code   RO          722    i.HAL_ADCEx_Calibration_Start  stm32f1xx_hal_adc_ex.o
    0x080006c8   0x080006c8   0x00000002   Code   RO          724    i.HAL_ADCEx_InjectedConvCpltCallback  stm32f1xx_hal_adc_ex.o
    0x080006ca   0x080006ca   0x00000002   PAD
    0x080006cc   0x080006cc   0x00000160   Code   RO          548    i.HAL_ADC_ConfigChannel  stm32f1xx_hal_adc.o
    0x0800082c   0x0800082c   0x00000002   Code   RO          549    i.HAL_ADC_ConvCpltCallback  stm32f1xx_hal_adc.o
    0x0800082e   0x0800082e   0x00000002   Code   RO          550    i.HAL_ADC_ConvHalfCpltCallback  stm32f1xx_hal_adc.o
    0x08000830   0x08000830   0x00000002   Code   RO          552    i.HAL_ADC_ErrorCallback  stm32f1xx_hal_adc.o
    0x08000832   0x08000832   0x00000112   Code   RO          556    i.HAL_ADC_IRQHandler  stm32f1xx_hal_adc.o
    0x08000944   0x08000944   0x00000144   Code   RO          557    i.HAL_ADC_Init      stm32f1xx_hal_adc.o
    0x08000a88   0x08000a88   0x00000002   Code   RO          558    i.HAL_ADC_LevelOutOfWindowCallback  stm32f1xx_hal_adc.o
    0x08000a8a   0x08000a8a   0x00000002   PAD
    0x08000a8c   0x08000a8c   0x0000010c   Code   RO          218    i.HAL_ADC_MspInit   adc.o
    0x08000b98   0x08000b98   0x00000180   Code   RO          564    i.HAL_ADC_Start_DMA  stm32f1xx_hal_adc.o
    0x08000d18   0x08000d18   0x0000002a   Code   RO         1827    i.HAL_CAN_ActivateNotification  stm32f1xx_hal_can.o
    0x08000d42   0x08000d42   0x0000014a   Code   RO         1828    i.HAL_CAN_AddTxMessage  stm32f1xx_hal_can.o
    0x08000e8c   0x08000e8c   0x0000010a   Code   RO         1829    i.HAL_CAN_ConfigFilter  stm32f1xx_hal_can.o
    0x08000f96   0x08000f96   0x00000002   Code   RO         1832    i.HAL_CAN_ErrorCallback  stm32f1xx_hal_can.o
    0x08000f98   0x08000f98   0x00000194   Code   RO         1835    i.HAL_CAN_GetRxMessage  stm32f1xx_hal_can.o
    0x0800112c   0x0800112c   0x0000024e   Code   RO         1839    i.HAL_CAN_IRQHandler  stm32f1xx_hal_can.o
    0x0800137a   0x0800137a   0x00000174   Code   RO         1840    i.HAL_CAN_Init      stm32f1xx_hal_can.o
    0x080014ee   0x080014ee   0x00000002   PAD
    0x080014f0   0x080014f0   0x000000a8   Code   RO          260    i.HAL_CAN_MspInit   can.o
    0x08001598   0x08001598   0x00000002   Code   RO         1847    i.HAL_CAN_RxFifo0FullCallback  stm32f1xx_hal_can.o
    0x0800159a   0x0800159a   0x00000002   PAD
    0x0800159c   0x0800159c   0x00000040   Code   RO         2635    i.HAL_CAN_RxFifo0MsgPendingCallback  can_receive.o
    0x080015dc   0x080015dc   0x00000002   Code   RO         1849    i.HAL_CAN_RxFifo1FullCallback  stm32f1xx_hal_can.o
    0x080015de   0x080015de   0x00000002   Code   RO         1850    i.HAL_CAN_RxFifo1MsgPendingCallback  stm32f1xx_hal_can.o
    0x080015e0   0x080015e0   0x00000002   Code   RO         1851    i.HAL_CAN_SleepCallback  stm32f1xx_hal_can.o
    0x080015e2   0x080015e2   0x0000005e   Code   RO         1852    i.HAL_CAN_Start     stm32f1xx_hal_can.o
    0x08001640   0x08001640   0x00000002   Code   RO         1854    i.HAL_CAN_TxMailbox0AbortCallback  stm32f1xx_hal_can.o
    0x08001642   0x08001642   0x00000002   Code   RO         1855    i.HAL_CAN_TxMailbox0CompleteCallback  stm32f1xx_hal_can.o
    0x08001644   0x08001644   0x00000002   Code   RO         1856    i.HAL_CAN_TxMailbox1AbortCallback  stm32f1xx_hal_can.o
    0x08001646   0x08001646   0x00000002   Code   RO         1857    i.HAL_CAN_TxMailbox1CompleteCallback  stm32f1xx_hal_can.o
    0x08001648   0x08001648   0x00000002   Code   RO         1858    i.HAL_CAN_TxMailbox2AbortCallback  stm32f1xx_hal_can.o
    0x0800164a   0x0800164a   0x00000002   Code   RO         1859    i.HAL_CAN_TxMailbox2CompleteCallback  stm32f1xx_hal_can.o
    0x0800164c   0x0800164c   0x00000002   Code   RO         1861    i.HAL_CAN_WakeUpFromRxMsgCallback  stm32f1xx_hal_can.o
    0x0800164e   0x0800164e   0x00000002   PAD
    0x08001650   0x08001650   0x0000019c   Code   RO         1209    i.HAL_DMA_IRQHandler  stm32f1xx_hal_dma.o
    0x080017ec   0x080017ec   0x00000068   Code   RO         1210    i.HAL_DMA_Init      stm32f1xx_hal_dma.o
    0x08001854   0x08001854   0x0000009c   Code   RO         1214    i.HAL_DMA_Start_IT  stm32f1xx_hal_dma.o
    0x080018f0   0x080018f0   0x00000028   Code   RO          825    i.HAL_Delay         stm32f1xx_hal.o
    0x08001918   0x08001918   0x00000320   Code   RO         1140    i.HAL_GPIO_Init     stm32f1xx_hal_gpio.o
    0x08001c38   0x08001c38   0x0000000c   Code   RO          829    i.HAL_GetTick       stm32f1xx_hal.o
    0x08001c44   0x08001c44   0x00000018   Code   RO          835    i.HAL_IncTick       stm32f1xx_hal.o
    0x08001c5c   0x08001c5c   0x00000028   Code   RO          836    i.HAL_Init          stm32f1xx_hal.o
    0x08001c84   0x08001c84   0x0000004c   Code   RO          837    i.HAL_InitTick      stm32f1xx_hal.o
    0x08001cd0   0x08001cd0   0x00000054   Code   RO          482    i.HAL_MspInit       stm32f1xx_hal_msp.o
    0x08001d24   0x08001d24   0x00000020   Code   RO         1300    i.HAL_NVIC_EnableIRQ  stm32f1xx_hal_cortex.o
    0x08001d44   0x08001d44   0x0000007c   Code   RO         1306    i.HAL_NVIC_SetPriority  stm32f1xx_hal_cortex.o
    0x08001dc0   0x08001dc0   0x00000028   Code   RO         1307    i.HAL_NVIC_SetPriorityGrouping  stm32f1xx_hal_cortex.o
    0x08001de8   0x08001de8   0x00000100   Code   RO         1101    i.HAL_RCCEx_GetPeriphCLKFreq  stm32f1xx_hal_rcc_ex.o
    0x08001ee8   0x08001ee8   0x00000130   Code   RO         1102    i.HAL_RCCEx_PeriphCLKConfig  stm32f1xx_hal_rcc_ex.o
    0x08002018   0x08002018   0x0000018c   Code   RO          993    i.HAL_RCC_ClockConfig  stm32f1xx_hal_rcc.o
    0x080021a4   0x080021a4   0x0000000c   Code   RO          998    i.HAL_RCC_GetHCLKFreq  stm32f1xx_hal_rcc.o
    0x080021b0   0x080021b0   0x00000020   Code   RO         1001    i.HAL_RCC_GetPCLK2Freq  stm32f1xx_hal_rcc.o
    0x080021d0   0x080021d0   0x00000074   Code   RO         1002    i.HAL_RCC_GetSysClockFreq  stm32f1xx_hal_rcc.o
    0x08002244   0x08002244   0x00000464   Code   RO         1005    i.HAL_RCC_OscConfig  stm32f1xx_hal_rcc.o
    0x080026a8   0x080026a8   0x00000002   Code   RO         2067    i.HAL_SPI_ErrorCallback  stm32f1xx_hal_spi.o
    0x080026aa   0x080026aa   0x00000008   Code   RO         2069    i.HAL_SPI_GetState  stm32f1xx_hal_spi.o
    0x080026b2   0x080026b2   0x000000be   Code   RO         2071    i.HAL_SPI_Init      stm32f1xx_hal_spi.o
    0x08002770   0x08002770   0x000000d8   Code   RO          335    i.HAL_SPI_MspInit   spi.o
    0x08002848   0x08002848   0x000001be   Code   RO         2079    i.HAL_SPI_Transmit  stm32f1xx_hal_spi.o
    0x08002a06   0x08002a06   0x00000002   PAD
    0x08002a08   0x08002a08   0x000000fc   Code   RO         2083    i.HAL_SPI_Transmit_DMA  stm32f1xx_hal_spi.o
    0x08002b04   0x08002b04   0x00000018   Code   RO           14    i.HAL_SPI_TxCpltCallback  main.o
    0x08002b1c   0x08002b1c   0x00000002   Code   RO         2086    i.HAL_SPI_TxHalfCpltCallback  stm32f1xx_hal_spi.o
    0x08002b1e   0x08002b1e   0x00000034   Code   RO         1311    i.HAL_SYSTICK_Config  stm32f1xx_hal_cortex.o
    0x08002b52   0x08002b52   0x00000004   Code   RO          382    i.HardFault_Handler  stm32f1xx_it.o
    0x08002b56   0x08002b56   0x00000002   PAD
    0x08002b58   0x08002b58   0x000000a0   Code   RO          219    i.MX_ADC1_Init      adc.o
    0x08002bf8   0x08002bf8   0x00000048   Code   RO          261    i.MX_CAN_Init       can.o
    0x08002c40   0x08002c40   0x00000044   Code   RO          309    i.MX_DMA_Init       dma.o
    0x08002c84   0x08002c84   0x00000058   Code   RO          193    i.MX_GPIO_Init      gpio.o
    0x08002cdc   0x08002cdc   0x00000044   Code   RO          336    i.MX_SPI1_Init      spi.o
    0x08002d20   0x08002d20   0x00000004   Code   RO          383    i.MemManage_Handler  stm32f1xx_it.o
    0x08002d24   0x08002d24   0x00000004   Code   RO          384    i.NMI_Handler       stm32f1xx_it.o
    0x08002d28   0x08002d28   0x00000002   Code   RO          385    i.PendSV_Handler    stm32f1xx_it.o
    0x08002d2a   0x08002d2a   0x0000003a   Code   RO         2636    i.ProjectileHit_Process  can_receive.o
    0x08002d64   0x08002d64   0x00000028   Code   RO         1006    i.RCC_Delay         stm32f1xx_hal_rcc.o
    0x08002d8c   0x08002d8c   0x00000028   Code   RO         2099    i.SPI_DMAError      stm32f1xx_hal_spi.o
    0x08002db4   0x08002db4   0x0000000e   Code   RO         2101    i.SPI_DMAHalfTransmitCplt  stm32f1xx_hal_spi.o
    0x08002dc2   0x08002dc2   0x0000007e   Code   RO         2105    i.SPI_DMATransmitCplt  stm32f1xx_hal_spi.o
    0x08002e40   0x08002e40   0x00000044   Code   RO         2109    i.SPI_EndRxTxTransaction  stm32f1xx_hal_spi.o
    0x08002e84   0x08002e84   0x000000d8   Code   RO         2114    i.SPI_WaitFlagStateUntilTimeout  stm32f1xx_hal_spi.o
    0x08002f5c   0x08002f5c   0x00000002   Code   RO          386    i.SVC_Handler       stm32f1xx_it.o
    0x08002f5e   0x08002f5e   0x00000002   PAD
    0x08002f60   0x08002f60   0x00000068   Code   RO         2637    i.Soft_Reset        can_receive.o
    0x08002fc8   0x08002fc8   0x00000008   Code   RO          387    i.SysTick_Handler   stm32f1xx_it.o
    0x08002fd0   0x08002fd0   0x00000084   Code   RO           15    i.SystemClock_Config  main.o
    0x08003054   0x08003054   0x00000002   Code   RO         2383    i.SystemInit        system_stm32f1xx.o
    0x08003056   0x08003056   0x00000002   PAD
    0x08003058   0x08003058   0x00000010   Code   RO          388    i.USB_LP_CAN1_RX0_IRQHandler  stm32f1xx_it.o
    0x08003068   0x08003068   0x00000004   Code   RO          389    i.UsageFault_Handler  stm32f1xx_it.o
    0x0800306c   0x0800306c   0x00000010   Code   RO         1313    i.__NVIC_GetPriorityGrouping  stm32f1xx_hal_cortex.o
    0x0800307c   0x0800307c   0x00000028   Code   RO         1314    i.__NVIC_SetPriority  stm32f1xx_hal_cortex.o
    0x080030a4   0x080030a4   0x00000008   Code   RO         2493    i.adc_detect_get_valid_ball  adc_detect.o
    0x080030ac   0x080030ac   0x0000005c   Code   RO         2494    i.adc_detect_get_vdiff  adc_detect.o
    0x08003108   0x08003108   0x0000008c   Code   RO         2495    i.adc_detect_init   adc_detect.o
    0x08003194   0x08003194   0x000001e8   Code   RO         2496    i.adc_detect_process  adc_detect.o
    0x0800337c   0x0800337c   0x00000024   Code   RO         2497    i.adc_to_voltage    adc_detect.o
    0x080033a0   0x080033a0   0x0000009c   Code   RO         2638    i.armor_set_color   can_receive.o
    0x0800343c   0x0800343c   0x000000ec   Code   RO         2498    i.baseline_follow_when_quiet  adc_detect.o
    0x08003528   0x08003528   0x0000006c   Code   RO         2499    i.capture_baseline  adc_detect.o
    0x08003594   0x08003594   0x0000003c   Code   RO         2500    i.hit_q_pop         adc_detect.o
    0x080035d0   0x080035d0   0x00000064   Code   RO         2501    i.hit_q_push        adc_detect.o
    0x08003634   0x08003634   0x00000038   Code   RO         2502    i.is_large_by_v     adc_detect.o
    0x0800366c   0x0800366c   0x00000038   Code   RO         2503    i.is_small_by_v     adc_detect.o
    0x080036a4   0x080036a4   0x00000178   Code   RO           16    i.main              main.o
    0x0800381c   0x0800381c   0x00000024   Code   RO         2419    i.ws2812_delay_us   ws2812.o
    0x08003840   0x08003840   0x00000096   Code   RO         2420    i.ws2812_encode     ws2812.o
    0x080038d6   0x080038d6   0x00000034   Code   RO         2421    i.ws2812_fill       ws2812.o
    0x0800390a   0x0800390a   0x00000002   PAD
    0x0800390c   0x0800390c   0x0000005c   Code   RO         2504    i.ws2812_hit_blink_blue_twice  adc_detect.o
    0x08003968   0x08003968   0x000000a8   Code   RO         2505    i.ws2812_hit_blink_task  adc_detect.o
    0x08003a10   0x08003a10   0x00000064   Code   RO         2422    i.ws2812_init       ws2812.o
    0x08003a74   0x08003a74   0x00000026   Code   RO         2423    i.ws2812_reset_blocking  ws2812.o
    0x08003a9a   0x08003a9a   0x00000002   PAD
    0x08003a9c   0x08003a9c   0x000000b8   Code   RO         2424    i.ws2812_send       ws2812.o
    0x08003b54   0x08003b54   0x00000034   Code   RO         2506    i.ws2812_set_all    adc_detect.o
    0x08003b88   0x08003b88   0x0000002e   Code   RO         2425    i.ws2812_set_color  ws2812.o
    0x08003bb6   0x08003bb6   0x0000001a   Code   RO         2507    i.ws2812_show       adc_detect.o
    0x08003bd0   0x08003bd0   0x0000000a   Code   RO         2426    i.ws2812_spi_tx_cplt_isr  ws2812.o
    0x08003bda   0x08003bda   0x00000002   PAD
    0x08003bdc   0x08003bdc   0x000000c4   Code   RO         2718    x$fpl$fadd          fz_ws.l(faddsub_clz.o)
    0x08003ca0   0x08003ca0   0x00000018   Code   RO         2745    x$fpl$fcmpinf       fz_ws.l(fcmpi.o)
    0x08003cb8   0x08003cb8   0x00000184   Code   RO         2725    x$fpl$fdiv          fz_ws.l(fdiv.o)
    0x08003e3c   0x08003e3c   0x0000003e   Code   RO         2728    x$fpl$ffixu         fz_ws.l(ffixu.o)
    0x08003e7a   0x08003e7a   0x00000002   PAD
    0x08003e7c   0x08003e7c   0x00000026   Code   RO         2732    x$fpl$ffltu         fz_ws.l(fflt_clz.o)
    0x08003ea2   0x08003ea2   0x00000002   PAD
    0x08003ea4   0x08003ea4   0x00000068   Code   RO         2738    x$fpl$fleqf         fz_ws.l(fleqf.o)
    0x08003f0c   0x08003f0c   0x00000102   Code   RO         2740    x$fpl$fmul          fz_ws.l(fmul.o)
    0x0800400e   0x0800400e   0x0000008c   Code   RO         2747    x$fpl$fnaninf       fz_ws.l(fnaninf.o)
    0x0800409a   0x0800409a   0x0000000a   Code   RO         2749    x$fpl$fretinf       fz_ws.l(fretinf.o)
    0x080040a4   0x080040a4   0x00000062   Code   RO         2742    x$fpl$frleqf        fz_ws.l(frleqf.o)
    0x08004106   0x08004106   0x00000002   PAD
    0x08004108   0x08004108   0x000000ea   Code   RO         2720    x$fpl$fsub          fz_ws.l(faddsub_clz.o)
    0x080041f2   0x080041f2   0x00000000   Code   RO         2751    x$fpl$usenofp       fz_ws.l(usenofp.o)
    0x080041f2   0x080041f2   0x00000012   Data   RO         1007    .constdata          stm32f1xx_hal_rcc.o
    0x08004204   0x08004204   0x00000012   Data   RO         1103    .constdata          stm32f1xx_hal_rcc_ex.o
    0x08004216   0x08004216   0x00000018   Data   RO         2384    .constdata          system_stm32f1xx.o
    0x0800422e   0x0800422e   0x00000002   PAD
    0x08004230   0x08004230   0x00000020   Data   RO         2906    Region$$Table       anon$$obj.o


    Execution Region RW_IRAM1 (Exec base: 0x20000000, Load base: 0x08004250, Size: 0x00000b88, Max: 0x00005000, ABSOLUTE)

    Exec Addr    Load Addr    Size         Type   Attr      Idx    E Section Name        Object

    0x20000000   0x08004250   0x0000002c   Data   RW           18    .data               main.o
    0x2000002c   0x0800427c   0x00000009   Data   RW          843    .data               stm32f1xx_hal.o
    0x20000035   0x08004285   0x00000003   PAD
    0x20000038   0x08004288   0x00000004   Data   RW         2385    .data               system_stm32f1xx.o
    0x2000003c   0x0800428c   0x00000001   Data   RW         2427    .data               ws2812.o
    0x2000003d   0x0800428d   0x00000003   PAD
    0x20000040   0x08004290   0x0000005c   Data   RW         2509    .data               adc_detect.o
    0x2000009c   0x080042ec   0x0000001f   Data   RW         2640    .data               can_receive.o
    0x200000bb   0x0800430b   0x00000001   PAD
    0x200000bc        -       0x000001d4   Zero   RW           17    .bss                main.o
    0x20000290        -       0x00000074   Zero   RW          220    .bss                adc.o
    0x20000304        -       0x00000028   Zero   RW          262    .bss                can.o
    0x2000032c        -       0x0000009c   Zero   RW          337    .bss                spi.o
    0x200003c8        -       0x00000128   Zero   RW         2508    .bss                adc_detect.o
    0x200004f0        -       0x00000034   Zero   RW         2639    .bss                can_receive.o
    0x20000524        -       0x00000060   Zero   RW         2778    .bss                c_w.l(libspace.o)
    0x20000584   0x0800430b   0x00000004   PAD
    0x20000588        -       0x00000200   Zero   RW            2    HEAP                startup_stm32f103xb.o
    0x20000788        -       0x00000400   Zero   RW            1    STACK               startup_stm32f103xb.o


==============================================================================

Image component sizes


      Code (inc. data)   RO Data    RW Data    ZI Data      Debug   Object Name

       428         32          0          0        116       1879   adc.o
      1718        224          0         92        296      12072   adc_detect.o
       240         22          0          0         40       2802   can.o
       626         82          0         31         52      31105   can_receive.o
        68          4          0          0          0        802   dma.o
        88          4          0          0          0        823   gpio.o
       536         78          0         44        468     427002   main.o
       284         32          0          0        156       1786   spi.o
        64         26        236          0       1536        812   startup_stm32f103xb.o
       192         36          0          9          0       5905   stm32f1xx_hal.o
      1704         56          0          0          0       9754   stm32f1xx_hal_adc.o
       286          6          0          0          0       2035   stm32f1xx_hal_adc_ex.o
      2122          0          0          0          0      13791   stm32f1xx_hal_can.o
       304         22          0          0          0      29427   stm32f1xx_hal_cortex.o
       716          8          0          0          0       3495   stm32f1xx_hal_dma.o
       800         34          0          0          0       2052   stm32f1xx_hal_gpio.o
        84          8          0          0          0        898   stm32f1xx_hal_msp.o
      1720         92         18          0          0       5425   stm32f1xx_hal_rcc.o
       560         38         18          0          0       2377   stm32f1xx_hal_rcc_ex.o
      1364         20          0          0          0       8493   stm32f1xx_hal_spi.o
       114         30          0          0          0       6311   stm32f1xx_it.o
         2          0         24          4          0       1119   system_stm32f1xx.o
       616         12          0          1          0       6358   ws2812.o

    ----------------------------------------------------------------------
     14664        866        330        188       2664     576523   Object Totals
         0          0         32          0          0          0   (incl. Generated)
        28          0          2          7          0          0   (incl. Padding)

    ----------------------------------------------------------------------

      Code (inc. data)   RO Data    RW Data    ZI Data      Debug   Library Member Name

         8          0          0          0          0         68   __main.o
         0          0          0          0          0          0   __rtentry.o
        12          0          0          0          0          0   __rtentry2.o
         6          0          0          0          0          0   __rtentry4.o
        52          8          0          0          0          0   __scatter.o
        26          0          0          0          0          0   __scatter_copy.o
        28          0          0          0          0          0   __scatter_zi.o
        18          0          0          0          0         80   exit.o
         6          0          0          0          0        152   heapauxi.o
         0          0          0          0          0          0   indicate_semi.o
         2          0          0          0          0          0   libinit.o
         2          0          0          0          0          0   libinit2.o
         2          0          0          0          0          0   libshutdown.o
         2          0          0          0          0          0   libshutdown2.o
         8          4          0          0         96         68   libspace.o
        68          0          0          0          0         68   rt_memclr.o
        78          0          0          0          0         80   rt_memclr_w.o
         2          0          0          0          0          0   rtexit.o
        10          0          0          0          0          0   rtexit2.o
        12          4          0          0          0         68   sys_exit.o
        74          0          0          0          0         80   sys_stackheap_outer.o
         2          0          0          0          0         68   use_no_semi.o
       430          8          0          0          0        168   faddsub_clz.o
        24          0          0          0          0         68   fcmpi.o
       388         76          0          0          0         96   fdiv.o
        62          4          0          0          0         84   ffixu.o
        38          0          0          0          0         68   fflt_clz.o
       104          4          0          0          0         84   fleqf.o
       258          4          0          0          0         84   fmul.o
       140          4          0          0          0         84   fnaninf.o
        10          0          0          0          0         68   fretinf.o
        98          0          0          0          0         68   frleqf.o
         0          0          0          0          0          0   usenofp.o

    ----------------------------------------------------------------------
      1982        116          0          0        100       1604   Library Totals
        12          0          0          0          4          0   (incl. Padding)

    ----------------------------------------------------------------------

      Code (inc. data)   RO Data    RW Data    ZI Data      Debug   Library Name

       418         16          0          0         96        732   c_w.l
      1552        100          0          0          0        872   fz_ws.l

    ----------------------------------------------------------------------
      1982        116          0          0        100       1604   Library Totals

    ----------------------------------------------------------------------

==============================================================================


      Code (inc. data)   RO Data    RW Data    ZI Data      Debug   

     16646        982        330        188       2764     570947   Grand Totals
     16646        982        330        188       2764     570947   ELF Image Totals
     16646        982        330        188          0          0   ROM Totals

==============================================================================

    Total RO  Size (Code + RO Data)                16976 (  16.58kB)
    Total RW  Size (RW Data + ZI Data)              2952 (   2.88kB)
    Total ROM Size (Code + RO Data + RW Data)      17164 (  16.76kB)

==============================================================================

